Archive member included to satisfy reference by file (symbol)

.\CortexM0\ARM_GCC_541\Debug\Design01.a(BLE.o)
                              .\CortexM0\ARM_GCC_541\Debug\main.o (CyBle_Start)
.\CortexM0\ARM_GCC_541\Debug\Design01.a(BLE_gatt.o)
                              .\CortexM0\ARM_GCC_541\Debug\main.o (cyBle_state)
.\CortexM0\ARM_GCC_541\Debug\Design01.a(BLE_eventHandler.o)
                              .\CortexM0\ARM_GCC_541\Debug\main.o (cyBle_connHandle)
.\CortexM0\ARM_GCC_541\Debug\Design01.a(BLE_custom.o)
                              .\CortexM0\ARM_GCC_541\Debug\Design01.a(BLE.o) (CyBle_CustomInit)
.\CortexM0\ARM_GCC_541\Debug\Design01.a(PWM.o)
                              .\CortexM0\ARM_GCC_541\Debug\main.o (PWM_Stop)
.\CortexM0\ARM_GCC_541\Debug\Design01.a(CyLib.o)
                              .\CortexM0\ARM_GCC_541\Debug\cyfitter_cfg.o (CySysClkWriteImoFreq)
.\CortexM0\ARM_GCC_541\Debug\Design01.a(CyLFClk.o)
                              .\CortexM0\ARM_GCC_541\Debug\cyfitter_cfg.o (CySysClkWcoStart)
.\CortexM0\ARM_GCC_541\Debug\Design01.a(Forward_Pin.o)
                              .\CortexM0\ARM_GCC_541\Debug\main.o (Forward_Pin_Write)
.\CortexM0\ARM_GCC_541\Debug\Design01.a(Reverse_Pin.o)
                              .\CortexM0\ARM_GCC_541\Debug\main.o (Reverse_Pin_Write)
.\CortexM0\ARM_GCC_541\Debug\Design01.a(Right_Pin.o)
                              .\CortexM0\ARM_GCC_541\Debug\main.o (Right_Pin_Write)
.\CortexM0\ARM_GCC_541\Debug\Design01.a(Left_Pin.o)
                              .\CortexM0\ARM_GCC_541\Debug\main.o (Left_Pin_Write)
.\CortexM0\ARM_GCC_541\Debug\Design01.a(CyBootAsmGnu.o)
                              .\CortexM0\ARM_GCC_541\Debug\cyfitter_cfg.o (CyDelayCycles)
..\..\..\..\..\..\..\Documents\PSoC Creator\4.1\Downloads ( 4.1).cylib\BLE_v3_40\Library\gccCyBLEStack_BLE_SOC_PERIPHERAL.a(CyBle.o)
                              .\CortexM0\ARM_GCC_541\Debug\Design01.a(BLE_eventHandler.o) (CyBle_EnableDefaultDevicePrivacy)
..\..\..\..\..\..\..\Documents\PSoC Creator\4.1\Downloads ( 4.1).cylib\BLE_v3_40\Library\gccCyBLEStack_BLE_SOC_PERIPHERAL.a(CyBleStackMgrIP_Interface.o)
                              ..\..\..\..\..\..\..\Documents\PSoC Creator\4.1\Downloads ( 4.1).cylib\BLE_v3_40\Library\gccCyBLEStack_BLE_SOC_PERIPHERAL.a(CyBle.o) (CyBleStackMgr_Init)
..\..\..\..\..\..\..\Documents\PSoC Creator\4.1\Downloads ( 4.1).cylib\BLE_v3_40\Library\gccCyBLEStack_BLE_SOC_PERIPHERAL.a(BT_os.o)
                              ..\..\..\..\..\..\..\Documents\PSoC Creator\4.1\Downloads ( 4.1).cylib\BLE_v3_40\Library\gccCyBLEStack_BLE_SOC_PERIPHERAL.a(CyBleStackMgrIP_Interface.o) (cyBleStackMemoryConfig)
..\..\..\..\..\..\..\Documents\PSoC Creator\4.1\Downloads ( 4.1).cylib\BLE_v3_40\Library\gccCyBLEStack_BLE_SOC_PERIPHERAL.a(BT_timer.o)
                              ..\..\..\..\..\..\..\Documents\PSoC Creator\4.1\Downloads ( 4.1).cylib\BLE_v3_40\Library\gccCyBLEStack_BLE_SOC_PERIPHERAL.a(CyBleStackMgrIP_Interface.o) (timer_init)
..\..\..\..\..\..\..\Documents\PSoC Creator\4.1\Downloads ( 4.1).cylib\BLE_v3_40\Library\gccCyBLEStack_BLE_SOC_PERIPHERAL.a(CyBleStackMgr_StackTaskHandler.o)
                              ..\..\..\..\..\..\..\Documents\PSoC Creator\4.1\Downloads ( 4.1).cylib\BLE_v3_40\Library\gccCyBLEStack_BLE_SOC_PERIPHERAL.a(BT_timer.o) (BLE_STACK_TASK_EVT)
..\..\..\..\..\..\..\Documents\PSoC Creator\4.1\Downloads ( 4.1).cylib\BLE_v3_40\Library\gccCyBLEStack_BLE_SOC_PERIPHERAL.a(transport_sf.o)
                              ..\..\..\..\..\..\..\Documents\PSoC Creator\4.1\Downloads ( 4.1).cylib\BLE_v3_40\Library\gccCyBLEStack_BLE_SOC_PERIPHERAL.a(CyBleStackMgr_StackTaskHandler.o) (hci_soft_transport_notify_data_received)
..\..\..\..\..\..\..\Documents\PSoC Creator\4.1\Downloads ( 4.1).cylib\BLE_v3_40\Library\gccCyBLEStack_BLE_SOC_PERIPHERAL.a(CyBleStackMgr_PSoCHal.o)
                              ..\..\..\..\..\..\..\Documents\PSoC Creator\4.1\Downloads ( 4.1).cylib\BLE_v3_40\Library\gccCyBLEStack_BLE_SOC_PERIPHERAL.a(BT_timer.o) (CyBleStackMgr_GetTime)
..\..\..\..\..\..\..\Documents\PSoC Creator\4.1\Downloads ( 4.1).cylib\BLE_v3_40\Library\gccCyBLEStack_BLE_SOC_PERIPHERAL.a(CyBleStackMgr_BleSSDriver.o)
                              ..\..\..\..\..\..\..\Documents\PSoC Creator\4.1\Downloads ( 4.1).cylib\BLE_v3_40\Library\gccCyBLEStack_BLE_SOC_PERIPHERAL.a(CyBleStackMgrIP_Interface.o) (CyBleStackMgr_BleSSInit)
..\..\..\..\..\..\..\Documents\PSoC Creator\4.1\Downloads ( 4.1).cylib\BLE_v3_40\Library\gccCyBLEStack_BLE_SOC_PERIPHERAL.a(config_bin.o)
                              ..\..\..\..\..\..\..\Documents\PSoC Creator\4.1\Downloads ( 4.1).cylib\BLE_v3_40\Library\gccCyBLEStack_BLE_SOC_PERIPHERAL.a(CyBleStackMgr_PSoCHal.o) (bt_cfg_pdata)
..\..\..\..\..\..\..\Documents\PSoC Creator\4.1\Downloads ( 4.1).cylib\BLE_v3_40\Library\gccCyBLEStack_BLE_SOC_PERIPHERAL.a(storage_pl.o)
[...]
Memory Configuration

Name             Origin             Length             Attributes
rom              0x00000000         0x00020000         xr
ram              0x20000000         0x00004000         xrw
*default*        0x00000000         0xffffffff

Linker script and memory map

LOAD c:/program files (x86)/cypress/psoc creator/4.1/psoc creator/import/gnu/arm/5.4.1/bin/../lib/gcc/arm-none-eabi/5.4.1/armv6-m/crti.o
LOAD c:/program files (x86)/cypress/psoc creator/4.1/psoc creator/import/gnu/arm/5.4.1/bin/../lib/gcc/arm-none-eabi/5.4.1/armv6-m/crtbegin.o
LOAD c:/program files (x86)/cypress/psoc creator/4.1/psoc creator/import/gnu/arm/5.4.1/bin/../lib/gcc/arm-none-eabi/5.4.1/../../../../arm-none-eabi/lib/armv6-m/crt0.o
START GROUP
LOAD .\CortexM0\ARM_GCC_541\Debug\main.o
LOAD .\CortexM0\ARM_GCC_541\Debug\cyfitter_cfg.o
LOAD .\CortexM0\ARM_GCC_541\Debug\cymetadata.o
LOAD .\CortexM0\ARM_GCC_541\Debug\Cm0Start.o
LOAD .\CortexM0\ARM_GCC_541\Debug\Design01.a
LOAD ..\..\..\..\..\..\..\Documents\PSoC Creator\4.1\Downloads ( 4.1).cylib\BLE_v3_40\Library\gccCyBLEStack_BLE_SOC_PERIPHERAL.a
LOAD C:\Program Files (x86)\Cypress\PSoC Creator\4.1\PSoC Creator\psoc\content\cycomponentlibrary\CyComponentLibrary.cylib\CortexM0\ARM_GCC_541\Debug\CyComponentLibrary.a
END GROUP
START GROUP
LOAD c:/program files (x86)/cypress/psoc creator/4.1/psoc creator/import/gnu/arm/5.4.1/bin/../lib/gcc/arm-none-eabi/5.4.1/armv6-m\libgcc.a
LOAD c:/program files (x86)/cypress/psoc creator/4.1/psoc creator/import/gnu/arm/5.4.1/bin/../lib/gcc/arm-none-eabi/5.4.1/../../../../arm-none-eabi/lib/armv6-m\libg_nano.a
LOAD c:/program files (x86)/cypress/psoc creator/4.1/psoc creator/import/gnu/arm/5.4.1/bin/../lib/gcc/arm-none-eabi/5.4.1/../../../../arm-none-eabi/lib/armv6-m\libc_nano.a
END GROUP
START GROUP
LOAD c:/program files (x86)/cypress/psoc creator/4.1/psoc creator/import/gnu/arm/5.4.1/bin/../lib/gcc/arm-none-eabi/5.4.1/armv6-m\libgcc.a
LOAD c:/program files (x86)/cypress/psoc creator/4.1/psoc creator/import/gnu/arm/5.4.1/bin/../lib/gcc/arm-none-eabi/5.4.1/../../../../arm-none-eabi/lib/armv6-m\libc_nano.a
END GROUP
LOAD c:/program files (x86)/cypress/psoc creator/4.1/psoc creator/import/gnu/arm/5.4.1/bin/../lib/gcc/arm-none-eabi/5.4.1/armv6-m/crtend.o
LOAD c:/program files (x86)/cypress/psoc creator/4.1/psoc creator/import/gnu/arm/5.4.1/bin/../lib/gcc/arm-none-eabi/5.4.1/armv6-m/crtn.o
START GROUP
LOAD c:/program files (x86)/cypress/psoc creator/4.1/psoc creator/import/gnu/arm/5.4.1/bin/../lib/gcc/arm-none-eabi/5.4.1/armv6-m\libgcc.a
LOAD c:/program files (x86)/cypress/psoc creator/4.1/psoc creator/import/gnu/arm/5.4.1/bin/../lib/gcc/arm-none-eabi/5.4.1/../../../../arm-none-eabi/lib/armv6-m\libc.a
LOAD c:/program files (x86)/cypress/psoc creator/4.1/psoc creator/import/gnu/arm/5.4.1/bin/../lib/gcc/arm-none-eabi/5.4.1/../../../../arm-none-eabi/lib/armv6-m\libnosys.a
END GROUP
                0x00000000                CY_APPL_ORIGIN = 0x0
                0x00000080                CY_FLASH_ROW_SIZE = 0x80
                0x00000001                CY_APPL_NUM = 0x1
                0x00000001                CY_APPL_MAX = 0x1
                0x00000040                CY_METADATA_SIZE = 0x40
                0x00000000                CY_APPL_LOADABLE = 0x0
                0x00000000                CY_CHECKSUM_EXCLUDE_SIZE = ALIGN (0x0, CY_FLASH_ROW_SIZE)
                0x00000000                CY_APP_FOR_STACK_AND_COPIER = 0x0
                [!provide]                PROVIDE (__cy_heap_start, _end)
                0x00000001                PROVIDE (__cy_region_num, ((__cy_regions_end - __cy_regions) / 0x10))
                0x20004000                PROVIDE (__cy_stack, (ORIGIN (ram) + LENGTH (ram)))
                [!provide]                PROVIDE (__cy_heap_end, (__cy_stack - 0x800))

.cybootloader   0x00000000        0x0
 *(.cybootloader)
                0x00000000                appl1_start = CY_APPL_ORIGIN?CY_APPL_ORIGIN:ALIGN (CY_FLASH_ROW_SIZE)
                0x0000ff80                appl2_start = (appl1_start + ALIGN ((((LENGTH (rom) - appl1_start) - (0x2 * CY_FLASH_ROW_SIZE)) / 0x2), CY_FLASH_ROW_SIZE))
                0x00000000                appl_start = (CY_APPL_NUM == 0x1)?appl1_start:appl2_start
                0x00000001                cy_project_type_bootloader = (appl_start == 0x0)?0x1:0x0
                0x00000000                cy_project_type_app_for_stack_and_copier = (CY_APP_FOR_STACK_AND_COPIER == 0x1)?0x1:0x0

.text           0x00000000     0x14b4
 CREATE_OBJECT_SYMBOLS
                0x00000000                PROVIDE (__cy_interrupt_vector, RomVectors)
 *(.romvectors)
 .romvectors    0x00000000       0x10 .\CortexM0\ARM_GCC_541\Debug\Cm0Start.o
                0x00000000                RomVectors
                0x00000001                ASSERT ((. != __cy_interrupt_vector), No interrupt vector)
                0x00000001                ASSERT (CY_APPL_ORIGIN?(SIZEOF (.cybootloader) <= CY_APPL_ORIGIN):0x1, Wrong image location)
                0x00000010                PROVIDE (__cy_reset, Reset)
 *(.text.Reset)
 .text.Reset    0x00000010        0x8 .\CortexM0\ARM_GCC_541\Debug\Cm0Start.o
                0x00000010                Reset
                0x00000001                ASSERT ((. != __cy_reset), No reset code)
 *(.psocinit)
 .psocinit      0x00000018      0x1c4 .\CortexM0\ARM_GCC_541\Debug\cyfitter_cfg.o
                0x000000f4                cyfitter_cfg
                0x000001dc                . = MAX (., 0x100)
 *(.text .text.* .gnu.linkonce.t.*)
 .text          0x000001dc       0x60 c:/program files (x86)/cypress/psoc creator/4.1/psoc creator/import/gnu/arm/5.4.1/bin/../lib/gcc/arm-none-eabi/5.4.1/armv6-m/crtbegin.o
 .text.GetTemp  0x0000023c       0xb4 .\CortexM0\ARM_GCC_541\Debug\main.o
                0x0000023c                GetTemp
 .text.updateState
                0x000002f0       0x3c .\CortexM0\ARM_GCC_541\Debug\main.o
                0x000002f0                updateState
 .text.WritePins
                0x0000032c       0xbc .\CortexM0\ARM_GCC_541\Debug\main.o
                0x0000032c                WritePins
 .text.BleCallBack
                0x000003e8       0x64 .\CortexM0\ARM_GCC_541\Debug\main.o
                0x000003e8                BleCallBack
 .text.main     0x0000044c       0x1c .\CortexM0\ARM_GCC_541\Debug\main.o
                0x0000044c                main
 .text.cfg_write_bytes32
                0x00000468       0x34 .\CortexM0\ARM_GCC_541\Debug\cyfitter_cfg.o
 .text.AnalogSetDefault
                0x0000049c       0x20 .\CortexM0\ARM_GCC_541\Debug\cyfitter_cfg.o
 .text.CYMEMZERO
                0x000004bc        0xc .\CortexM0\ARM_GCC_541\Debug\cyfitter_cfg.o
 .text.IntDefaultHandler
                0x000004c8       0x10 .\CortexM0\ARM_GCC_541\Debug\Cm0Start.o
                0x000004c8                IntDefaultHandler
 .text.Start_c  0x000004d8       0x48 .\CortexM0\ARM_GCC_541\Debug\Cm0Start.o
                0x000004d8                Start_c
 .text.initialize_psoc
                0x00000520       0x4c .\CortexM0\ARM_GCC_541\Debug\Cm0Start.o
                0x00000520                initialize_psoc
 .text.CyBle_ServiceInit
                0x0000056c        0x8 .\CortexM0\ARM_GCC_541\Debug\Design01.a(BLE.o)
                0x0000056c                CyBle_ServiceInit
 .text.CyBle_Init
                0x00000574       0x24 .\CortexM0\ARM_GCC_541\Debug\Design01.a(BLE.o)
                0x00000574                CyBle_Init
 .text.CyBle_Start
                0x00000598       0xa8 .\CortexM0\ARM_GCC_541\Debug\Design01.a(BLE.o)
                0x00000598                CyBle_Start
 .text.CyBle_GappStartAdvertisement
                0x00000640       0x88 .\CortexM0\ARM_GCC_541\Debug\Design01.a(BLE.o)
                0x00000640                CyBle_GappStartAdvertisement
 .text.CyBle_ChangeAdDeviceAddress
                0x000006c8        0x4 .\CortexM0\ARM_GCC_541\Debug\Design01.a(BLE.o)
                0x000006c8                CyBle_ChangeAdDeviceAddress
 .text.CyBle_Get16ByPtr
                0x000006cc        0xc .\CortexM0\ARM_GCC_541\Debug\Design01.a(BLE.o)
                0x000006cc                CyBle_Get16ByPtr
 .text.CyBle_GattsWriteEventHandler
                0x000006d8       0x58 .\CortexM0\ARM_GCC_541\Debug\Design01.a(BLE_gatt.o)
                0x000006d8                CyBle_GattsWriteEventHandler
 .text.CyBle_GattDisconnectEventHandler
                0x00000730       0x10 .\CortexM0\ARM_GCC_541\Debug\Design01.a(BLE_eventHandler.o)
 .text.CyBle_WriteReqHandler
                0x00000740       0x38 .\CortexM0\ARM_GCC_541\Debug\Design01.a(BLE_eventHandler.o)
 .text.CyBle_IsDeviceAddressValid
                0x00000778       0x24 .\CortexM0\ARM_GCC_541\Debug\Design01.a(BLE_eventHandler.o)
                0x00000778                CyBle_IsDeviceAddressValid
 .text.CyBle_EventHandler
                0x0000079c      0x238 .\CortexM0\ARM_GCC_541\Debug\Design01.a(BLE_eventHandler.o)
                0x0000079c                CyBle_EventHandler
 .text.CyBle_CustomInit
                0x000009d4        0x4 .\CortexM0\ARM_GCC_541\Debug\Design01.a(BLE_custom.o)
                0x000009d4                CyBle_CustomInit
 .text.PWM_Enable
                0x000009d8       0x14 .\CortexM0\ARM_GCC_541\Debug\Design01.a(PWM.o)
                0x000009d8                PWM_Enable
 .text.PWM_Stop
                0x000009ec       0x10 .\CortexM0\ARM_GCC_541\Debug\Design01.a(PWM.o)
                0x000009ec                PWM_Stop
 .text.PWM_WriteCounter
                0x000009fc        0xc .\CortexM0\ARM_GCC_541\Debug\Design01.a(PWM.o)
                0x000009fc                PWM_WriteCounter
 .text.PWM_WritePeriod
                0x00000a08        0xc .\CortexM0\ARM_GCC_541\Debug\Design01.a(PWM.o)
                0x00000a08                PWM_WritePeriod
 .text.PWM_WriteCompare
                0x00000a14        0xc .\CortexM0\ARM_GCC_541\Debug\Design01.a(PWM.o)
                0x00000a14                PWM_WriteCompare
 .text.PWM_SetInterruptMode
                0x00000a20        0xc .\CortexM0\ARM_GCC_541\Debug\Design01.a(PWM.o)
                0x00000a20                PWM_SetInterruptMode
 .text.PWM_ReadStatusRegister
                0x00000a2c        0xc .\CortexM0\ARM_GCC_541\Debug\Design01.a(PWM.o)
                0x00000a2c                PWM_ReadStatusRegister
 .text.PWM_ReadCapture
                0x00000a38        0xc .\CortexM0\ARM_GCC_541\Debug\Design01.a(PWM.o)
                0x00000a38                PWM_ReadCapture
 .text.PWM_ClearFIFO
                0x00000a44       0x14 .\CortexM0\ARM_GCC_541\Debug\Design01.a(PWM.o)
                0x00000a44                PWM_ClearFIFO
 .text.PWM_Init
                0x00000a58       0x58 .\CortexM0\ARM_GCC_541\Debug\Design01.a(PWM.o)
                0x00000a58                PWM_Init
 .text.PWM_Start
                0x00000ab0       0x20 .\CortexM0\ARM_GCC_541\Debug\Design01.a(PWM.o)
                0x00000ab0                PWM_Start
 .text.CySysClkWriteImoFreq
                0x00000ad0       0x64 .\CortexM0\ARM_GCC_541\Debug\Design01.a(CyLib.o)
                0x00000ad0                CySysClkWriteImoFreq
 .text.CySysClkEcoReadStatus
                0x00000b34       0x10 .\CortexM0\ARM_GCC_541\Debug\Design01.a(CyLib.o)
                0x00000b34                CySysClkEcoReadStatus
 .text.CyIntEnable
                0x00000b44       0x14 .\CortexM0\ARM_GCC_541\Debug\Design01.a(CyLib.o)
                0x00000b44                CyIntEnable
 .text.CyHalt   0x00000b58        0x4 .\CortexM0\ARM_GCC_541\Debug\Design01.a(CyLib.o)
                0x00000b58                CyHalt
 .text.CyIntSetVector
                0x00000b5c       0x24 .\CortexM0\ARM_GCC_541\Debug\Design01.a(CyLib.o)
                0x00000b5c                CyIntSetVector
 .text.CyDelay  0x00000b80       0x30 .\CortexM0\ARM_GCC_541\Debug\Design01.a(CyLib.o)
                0x00000b80                CyDelay
 .text.CyDelayUs
                0x00000bb0       0x14 .\CortexM0\ARM_GCC_541\Debug\Design01.a(CyLib.o)
                0x00000bb0                CyDelayUs
 .text.CySysClkEcoStart
                0x00000bc4       0x54 .\CortexM0\ARM_GCC_541\Debug\Design01.a(CyLib.o)
                0x00000bc4                CySysClkEcoStart
 .text.CySysWdtLocked
                0x00000c18       0x14 .\CortexM0\ARM_GCC_541\Debug\Design01.a(CyLFClk.o)
 .text.CySysClkWcoStart
                0x00000c2c       0x40 .\CortexM0\ARM_GCC_541\Debug\Design01.a(CyLFClk.o)
                0x00000c2c                CySysClkWcoStart
 .text.CySysClkWcoSetPowerMode
                0x00000c6c       0x80 .\CortexM0\ARM_GCC_541\Debug\Design01.a(CyLFClk.o)
                0x00000c6c                CySysClkWcoSetPowerMode
 .text.CySysWdtLock
                0x00000cec       0x1c .\CortexM0\ARM_GCC_541\Debug\Design01.a(CyLFClk.o)
                0x00000cec                CySysWdtLock
 .text.CySysWdtUnlock
                0x00000d08       0x30 .\CortexM0\ARM_GCC_541\Debug\Design01.a(CyLFClk.o)
                0x00000d08                CySysWdtUnlock
 .text.CySysWdtClearInterrupt
                0x00000d38       0x4c .\CortexM0\ARM_GCC_541\Debug\Design01.a(CyLFClk.o)
                0x00000d38                CySysWdtClearInterrupt
 .text.CySysWdtIsr
                0x00000d84       0xa4 .\CortexM0\ARM_GCC_541\Debug\Design01.a(CyLFClk.o)
                0x00000d84                CySysWdtIsr
 .text.Forward_Pin_Write
                0x00000e28       0x18 .\CortexM0\ARM_GCC_541\Debug\Design01.a(Forward_Pin.o)
                0x00000e28                Forward_Pin_Write
 .text.Forward_Pin_Read
                0x00000e40       0x10 .\CortexM0\ARM_GCC_541\Debug\Design01.a(Forward_Pin.o)
                0x00000e40                Forward_Pin_Read
 .text.Reverse_Pin_Write
                0x00000e50       0x18 .\CortexM0\ARM_GCC_541\Debug\Design01.a(Reverse_Pin.o)
                0x00000e50                Reverse_Pin_Write
 .text.Reverse_Pin_Read
                0x00000e68       0x10 .\CortexM0\ARM_GCC_541\Debug\Design01.a(Reverse_Pin.o)
                0x00000e68                Reverse_Pin_Read
 .text.Right_Pin_Write
                0x00000e78       0x18 .\CortexM0\ARM_GCC_541\Debug\Design01.a(Right_Pin.o)
                0x00000e78                Right_Pin_Write
 .text.Right_Pin_Read
                0x00000e90       0x10 .\CortexM0\ARM_GCC_541\Debug\Design01.a(Right_Pin.o)
                0x00000e90                Right_Pin_Read
 .text.Left_Pin_Write
                0x00000ea0       0x18 .\CortexM0\ARM_GCC_541\Debug\Design01.a(Left_Pin.o)
                0x00000ea0                Left_Pin_Write
 .text.Left_Pin_Read
                0x00000eb8       0x10 .\CortexM0\ARM_GCC_541\Debug\Design01.a(Left_Pin.o)
                0x00000eb8                Left_Pin_Read
 .text          0x00000ec8       0x20 .\CortexM0\ARM_GCC_541\Debug\Design01.a(CyBootAsmGnu.o)
                0x00000ec8                CyDelayCycles
                0x00000eda                CyEnterCriticalSection
                0x00000ee2                CyExitCriticalSection
 .text.CyBLE_Bless_LlRegWrite
                0x00000ee8        0x4 .\CortexM0\ARM_GCC_541\Debug\Design01.a(BLE_HAL_PVT.o)
                0x00000ee8                CyBLE_Bless_LlRegWrite
 .text.CyBLE_Bless_RfRegWrite
                0x00000eec        0x4 .\CortexM0\ARM_GCC_541\Debug\Design01.a(BLE_HAL_PVT.o)
                0x00000eec                CyBLE_Bless_RfRegWrite
 .text.CyBLE_BlessDeviceConfig
                0x00000ef0      0x134 .\CortexM0\ARM_GCC_541\Debug\Design01.a(BLE_HAL_PVT.o)
                0x00000ef0                CyBLE_BlessDeviceConfig
 .text.CyBleHal_DelayUs
                0x00001024        0x8 .\CortexM0\ARM_GCC_541\Debug\Design01.a(BLE_HAL_PVT.o)
                0x00001024                CyBleHal_DelayUs
 .text.CyBleHal_DelayMs
                0x0000102c        0x8 .\CortexM0\ARM_GCC_541\Debug\Design01.a(BLE_HAL_PVT.o)
                0x0000102c                CyBleHal_DelayMs
 .text.CyBleHal_EnableGlobalInterrupts
                0x00001034        0x8 .\CortexM0\ARM_GCC_541\Debug\Design01.a(BLE_HAL_PVT.o)
                0x00001034                CyBleHal_EnableGlobalInterrupts
 .text.CyBleHal_DisableGlobalInterrupts
                0x0000103c        0x8 .\CortexM0\ARM_GCC_541\Debug\Design01.a(BLE_HAL_PVT.o)
                0x0000103c                CyBleHal_DisableGlobalInterrupts
 .text.CyBle_HalInit
                0x00001044       0x18 .\CortexM0\ARM_GCC_541\Debug\Design01.a(BLE_HAL_PVT.o)
                0x00001044                CyBle_HalInit
 .text.CYBLE_BlessStart
                0x0000105c       0x10 .\CortexM0\ARM_GCC_541\Debug\Design01.a(BLE_HAL_PVT.o)
                0x0000105c                CYBLE_BlessStart
 .text.CyBLE_GetIpBlockVersion
                0x0000106c        0x8 .\CortexM0\ARM_GCC_541\Debug\Design01.a(BLE_HAL_PVT.o)
                0x0000106c                CyBLE_GetIpBlockVersion
 .text.CyBle_Hal_pairing_local_public_key_handler
                0x00001074        0x4 .\CortexM0\ARM_GCC_541\Debug\Design01.a(BLE_HAL_PVT.o)
                0x00001074                CyBle_Hal_pairing_local_public_key_handler
 .text.CyBle_Hal_pairing_remote_key_handler
                0x00001078        0x4 .\CortexM0\ARM_GCC_541\Debug\Design01.a(BLE_HAL_PVT.o)
                0x00001078                CyBle_Hal_pairing_remote_key_handler
 .text.CyBle_Hal_pairing_dhkey_handler
                0x0000107c        0x4 .\CortexM0\ARM_GCC_541\Debug\Design01.a(BLE_HAL_PVT.o)
                0x0000107c                CyBle_Hal_pairing_dhkey_handler
 .text.CyBle_Hal_pairing_dhkey_check_handler
                0x00001080        0x4 .\CortexM0\ARM_GCC_541\Debug\Design01.a(BLE_HAL_PVT.o)
                0x00001080                CyBle_Hal_pairing_dhkey_check_handler
 .text.CyBle_Hal_pairing_keypress_notification_handler
                0x00001084        0x4 .\CortexM0\ARM_GCC_541\Debug\Design01.a(BLE_HAL_PVT.o)
                0x00001084                CyBle_Hal_pairing_keypress_notification_handler
 .text.CyBle_Hal_pairing_rand_handler
                0x00001088        0x4 .\CortexM0\ARM_GCC_541\Debug\Design01.a(BLE_HAL_PVT.o)
                0x00001088                CyBle_Hal_pairing_rand_handler
 .text.CyBle_Hal_pairing_confirm_handler
                0x0000108c        0x4 .\CortexM0\ARM_GCC_541\Debug\Design01.a(BLE_HAL_PVT.o)
                0x0000108c                CyBle_Hal_pairing_confirm_handler
 .text.CyBle_Hal_pairing_lr_confirming_handler
                0x00001090        0x4 .\CortexM0\ARM_GCC_541\Debug\Design01.a(BLE_HAL_PVT.o)
                0x00001090                CyBle_Hal_pairing_lr_confirming_handler
 .text.CyBle_Hal_pairing_sc_tbx_local_pubkey_generate_complete
                0x00001094        0x4 .\CortexM0\ARM_GCC_541\Debug\Design01.a(BLE_HAL_PVT.o)
                0x00001094                CyBle_Hal_pairing_sc_tbx_local_pubkey_generate_complete
 .text.CyBle_Hal_pairing_sc_tbx_generate_local_P256_public_key
                0x00001098        0x4 .\CortexM0\ARM_GCC_541\Debug\Design01.a(BLE_HAL_PVT.o)
                0x00001098                CyBle_Hal_pairing_sc_tbx_generate_local_P256_public_key
 .text.CyBle_Hal_se_smp_sc_user_passkey_handler
                0x0000109c        0x4 .\CortexM0\ARM_GCC_541\Debug\Design01.a(BLE_HAL_PVT.o)
                0x0000109c                CyBle_Hal_se_smp_sc_user_passkey_handler
 .text.CyBle_Hal_EccPointMult
                0x000010a0        0x4 .\CortexM0\ARM_GCC_541\Debug\Design01.a(BLE_HAL_PVT.o)
                0x000010a0                CyBle_Hal_EccPointMult
 .text.BLE_bless_isr_SetVector
                0x000010a4        0xc .\CortexM0\ARM_GCC_541\Debug\Design01.a(BLE_bless_isr.o)
                0x000010a4                BLE_bless_isr_SetVector
 .text.BLE_bless_isr_SetPriority
                0x000010b0       0x20 .\CortexM0\ARM_GCC_541\Debug\Design01.a(BLE_bless_isr.o)
                0x000010b0                BLE_bless_isr_SetPriority
 .text.BLE_bless_isr_Enable
                0x000010d0       0x10 .\CortexM0\ARM_GCC_541\Debug\Design01.a(BLE_bless_isr.o)
                0x000010d0                BLE_bless_isr_Enable
 .text.BLE_bless_isr_Disable
                0x000010e0       0x10 .\CortexM0\ARM_GCC_541\Debug\Design01.a(BLE_bless_isr.o)
                0x000010e0                BLE_bless_isr_Disable
 .text.BLE_bless_isr_StartEx
                0x000010f0       0x1c .\CortexM0\ARM_GCC_541\Debug\Design01.a(BLE_bless_isr.o)
                0x000010f0                BLE_bless_isr_StartEx
 .text.CySysPmSleep
                0x0000110c       0x1c .\CortexM0\ARM_GCC_541\Debug\Design01.a(cyPm.o)
                0x0000110c                CySysPmSleep
 .text.CyBLE_Bless_Interrupt
                0x00001128        0x8 .\CortexM0\ARM_GCC_541\Debug\Design01.a(BLE_HAL_INT.o)
                0x00001128                CyBLE_Bless_Interrupt
 .text          0x00001130      0x114 c:/program files (x86)/cypress/psoc creator/4.1/psoc creator/import/gnu/arm/5.4.1/bin/../lib/gcc/arm-none-eabi/5.4.1/armv6-m\libgcc.a(_udivsi3.o)
                0x00001130                __aeabi_uidiv
                0x00001130                __udivsi3
                0x0000123c                __aeabi_uidivmod
 .text          0x00001244      0x1d4 c:/program files (x86)/cypress/psoc creator/4.1/psoc creator/import/gnu/arm/5.4.1/bin/../lib/gcc/arm-none-eabi/5.4.1/armv6-m\libgcc.a(_divsi3.o)
                0x00001244                __divsi3
                0x00001244                __aeabi_idiv
                0x00001410                __aeabi_idivmod
 .text          0x00001418        0x4 c:/program files (x86)/cypress/psoc creator/4.1/psoc creator/import/gnu/arm/5.4.1/bin/../lib/gcc/arm-none-eabi/5.4.1/armv6-m\libgcc.a(_dvmd_tls.o)
                0x00001418                __aeabi_idiv0
                0x00001418                __aeabi_ldiv0
 .text.__errno  0x0000141c        0xc c:/program files (x86)/cypress/psoc creator/4.1/psoc creator/import/gnu/arm/5.4.1/bin/../lib/gcc/arm-none-eabi/5.4.1/../../../../arm-none-eabi/lib/armv6-m\libg_nano.a(lib_a-errno.o)
                0x0000141c                __errno
 .text.__libc_init_array
                0x00001428       0x4c c:/program files (x86)/cypress/psoc creator/4.1/psoc creator/import/gnu/arm/5.4.1/bin/../lib/gcc/arm-none-eabi/5.4.1/../../../../arm-none-eabi/lib/armv6-m\libg_nano.a(lib_a-init.o)
                0x00001428                __libc_init_array
 .text.memcmp   0x00001474       0x1e c:/program files (x86)/cypress/psoc creator/4.1/psoc creator/import/gnu/arm/5.4.1/bin/../lib/gcc/arm-none-eabi/5.4.1/../../../../arm-none-eabi/lib/armv6-m\libg_nano.a(lib_a-memcmp.o)
                0x00001474                memcmp
 .text.memcpy   0x00001492       0x12 c:/program files (x86)/cypress/psoc creator/4.1/psoc creator/import/gnu/arm/5.4.1/bin/../lib/gcc/arm-none-eabi/5.4.1/../../../../arm-none-eabi/lib/armv6-m\libg_nano.a(lib_a-memcpy-stub.o)
                0x00001492                memcpy
 .text.memset   0x000014a4       0x10 c:/program files (x86)/cypress/psoc creator/4.1/psoc creator/import/gnu/arm/5.4.1/bin/../lib/gcc/arm-none-eabi/5.4.1/../../../../arm-none-eabi/lib/armv6-m\libg_nano.a(lib_a-memset.o)
                0x000014a4                memset
 *(.plt)
 *(.gnu.warning)
 *(.glue_7t)
 .glue_7t       0x000014b4        0x0 linker stubs
 *(.glue_7)
 .glue_7        0x000014b4        0x0 linker stubs
 *(.vfp11_veneer)
 .vfp11_veneer  0x000014b4        0x0 linker stubs
 *(.bootloader)
 *(.ARM.extab* .gnu.linkonce.armextab.*)
 *(.gcc_except_table)

.v4_bx          0x000014b4        0x0
 .v4_bx         0x000014b4        0x0 linker stubs

.iplt           0x000014b4        0x0
 .iplt          0x000014b4        0x0 c:/program files (x86)/cypress/psoc creator/4.1/psoc creator/import/gnu/arm/5.4.1/bin/../lib/gcc/arm-none-eabi/5.4.1/armv6-m/crtbegin.o

i.CyBle_ControllerGetFeatureHeapReq
                0x000014b4       0x58
 i.CyBle_ControllerGetFeatureHeapReq
                0x000014b4       0x58 ..\..\..\..\..\..\..\Documents\PSoC Creator\4.1\Downloads ( 4.1).cylib\BLE_v3_40\Library\gccCyBLEStack_BLE_SOC_PERIPHERAL.a(CyBle.o)
                0x000014b4                CyBle_ControllerGetFeatureHeapReq

i.CyBle_EnableDefaultDevicePrivacy
                0x0000150c        0x8
 i.CyBle_EnableDefaultDevicePrivacy
                0x0000150c        0x8 ..\..\..\..\..\..\..\Documents\PSoC Creator\4.1\Downloads ( 4.1).cylib\BLE_v3_40\Library\gccCyBLEStack_BLE_SOC_PERIPHERAL.a(CyBle.o)
                0x0000150c                CyBle_EnableDefaultDevicePrivacy

i.CyBle_EnterLPM
                0x00001514        0x8
 i.CyBle_EnterLPM
                0x00001514        0x8 ..\..\..\..\..\..\..\Documents\PSoC Creator\4.1\Downloads ( 4.1).cylib\BLE_v3_40\Library\gccCyBLEStack_BLE_SOC_PERIPHERAL.a(CyBle.o)
                0x00001514                CyBle_EnterLPM

i.CyBle_ExitLPM
                0x0000151c        0x8
 i.CyBle_ExitLPM
                0x0000151c        0x8 ..\..\..\..\..\..\..\Documents\PSoC Creator\4.1\Downloads ( 4.1).cylib\BLE_v3_40\Library\gccCyBLEStack_BLE_SOC_PERIPHERAL.a(CyBle.o)
                0x0000151c                CyBle_ExitLPM

i.CyBle_ProcessEvents
                0x00001524        0x8
 i.CyBle_ProcessEvents
                0x00001524        0x8 ..\..\..\..\..\..\..\Documents\PSoC Creator\4.1\Downloads ( 4.1).cylib\BLE_v3_40\Library\gccCyBLEStack_BLE_SOC_PERIPHERAL.a(CyBle.o)
                0x00001524                CyBle_ProcessEvents

i.CyBle_SetDeviceAddress
                0x0000152c       0x24
 i.CyBle_SetDeviceAddress
                0x0000152c       0x24 ..\..\..\..\..\..\..\Documents\PSoC Creator\4.1\Downloads ( 4.1).cylib\BLE_v3_40\Library\gccCyBLEStack_BLE_SOC_PERIPHERAL.a(CyBle.o)
                0x0000152c                CyBle_SetDeviceAddress

i.CyBle_StackGetFeatureConfig
                0x00001550       0x38
 i.CyBle_StackGetFeatureConfig
                0x00001550       0x38 ..\..\..\..\..\..\..\Documents\PSoC Creator\4.1\Downloads ( 4.1).cylib\BLE_v3_40\Library\gccCyBLEStack_BLE_SOC_PERIPHERAL.a(CyBle.o)
                0x00001550                CyBle_StackGetFeatureConfig

i.CyBle_StackInit
                0x00001588      0x154
 i.CyBle_StackInit
                0x00001588      0x154 ..\..\..\..\..\..\..\Documents\PSoC Creator\4.1\Downloads ( 4.1).cylib\BLE_v3_40\Library\gccCyBLEStack_BLE_SOC_PERIPHERAL.a(CyBle.o)
                0x00001588                CyBle_StackInit

i.CyBle_StackSetFeatureConfig
                0x000016dc       0xe8
 i.CyBle_StackSetFeatureConfig
                0x000016dc       0xe8 ..\..\..\..\..\..\..\Documents\PSoC Creator\4.1\Downloads ( 4.1).cylib\BLE_v3_40\Library\gccCyBLEStack_BLE_SOC_PERIPHERAL.a(CyBle.o)
                0x000016dc                CyBle_StackSetFeatureConfig

i.CyBle_StackValidateInputParams
                0x000017c4       0xf4
 i.CyBle_StackValidateInputParams
                0x000017c4       0xf4 ..\..\..\..\..\..\..\Documents\PSoC Creator\4.1\Downloads ( 4.1).cylib\BLE_v3_40\Library\gccCyBLEStack_BLE_SOC_PERIPHERAL.a(CyBle.o)

i.__ARM_common_switch8
                0x000018b8       0x1a
 i.__ARM_common_switch8
                0x000018b8       0x1a ..\..\..\..\..\..\..\Documents\PSoC Creator\4.1\Downloads ( 4.1).cylib\BLE_v3_40\Library\gccCyBLEStack_BLE_SOC_PERIPHERAL.a(CyBle.o)
                0x000018b8                __ARM_common_switch8

i.CyBleStackMgr_Init
                0x000018d4      0x10c
 i.CyBleStackMgr_Init
                0x000018d4      0x10c ..\..\..\..\..\..\..\Documents\PSoC Creator\4.1\Downloads ( 4.1).cylib\BLE_v3_40\Library\gccCyBLEStack_BLE_SOC_PERIPHERAL.a(CyBleStackMgrIP_Interface.o)
                0x000018d4                CyBleStackMgr_Init

i.CyBleStackMgr_ProcessBleEvents
                0x000019e0       0x14
 i.CyBleStackMgr_ProcessBleEvents
                0x000019e0       0x14 ..\..\..\..\..\..\..\Documents\PSoC Creator\4.1\Downloads ( 4.1).cylib\BLE_v3_40\Library\gccCyBLEStack_BLE_SOC_PERIPHERAL.a(CyBleStackMgrIP_Interface.o)
                0x000019e0                CyBleStackMgr_ProcessBleEvents

i.CyBle_GetHeapMemory
                0x000019f4       0x28
 i.CyBle_GetHeapMemory
                0x000019f4       0x28 ..\..\..\..\..\..\..\Documents\PSoC Creator\4.1\Downloads ( 4.1).cylib\BLE_v3_40\Library\gccCyBLEStack_BLE_SOC_PERIPHERAL.a(CyBleStackMgrIP_Interface.o)
                0x000019f4                CyBle_GetHeapMemory

i.CyBle_GetNumAppBufferPools
                0x00001a1c        0xc
 i.CyBle_GetNumAppBufferPools
                0x00001a1c        0xc ..\..\..\..\..\..\..\Documents\PSoC Creator\4.1\Downloads ( 4.1).cylib\BLE_v3_40\Library\gccCyBLEStack_BLE_SOC_PERIPHERAL.a(CyBleStackMgrIP_Interface.o)
                0x00001a1c                CyBle_GetNumAppBufferPools

i.CyBle_HostStackBufferPoolInit
                0x00001a28       0xec
 i.CyBle_HostStackBufferPoolInit
                0x00001a28       0xec ..\..\..\..\..\..\..\Documents\PSoC Creator\4.1\Downloads ( 4.1).cylib\BLE_v3_40\Library\gccCyBLEStack_BLE_SOC_PERIPHERAL.a(CyBleStackMgrIP_Interface.o)

i.ble_stack_idle_task_callback
                0x00001b14        0x2
 i.ble_stack_idle_task_callback
                0x00001b14        0x2 ..\..\..\..\..\..\..\Documents\PSoC Creator\4.1\Downloads ( 4.1).cylib\BLE_v3_40\Library\gccCyBLEStack_BLE_SOC_PERIPHERAL.a(CyBleStackMgrIP_Interface.o)
                0x00001b14                ble_stack_idle_task_callback

i.BT_OSFreeBuf  0x00001b18       0x20
 i.BT_OSFreeBuf
                0x00001b18       0x20 ..\..\..\..\..\..\..\Documents\PSoC Creator\4.1\Downloads ( 4.1).cylib\BLE_v3_40\Library\gccCyBLEStack_BLE_SOC_PERIPHERAL.a(BT_os.o)
                0x00001b18                BT_OSFreeBuf

i.BT_OSGetBuF   0x00001b38       0x34
 i.BT_OSGetBuF  0x00001b38       0x34 ..\..\..\..\..\..\..\Documents\PSoC Creator\4.1\Downloads ( 4.1).cylib\BLE_v3_40\Library\gccCyBLEStack_BLE_SOC_PERIPHERAL.a(BT_os.o)
                0x00001b38                BT_OSGetBuF

i.BT_OSMemCreate
                0x00001b6c       0x3c
 i.BT_OSMemCreate
                0x00001b6c       0x3c ..\..\..\..\..\..\..\Documents\PSoC Creator\4.1\Downloads ( 4.1).cylib\BLE_v3_40\Library\gccCyBLEStack_BLE_SOC_PERIPHERAL.a(BT_os.o)
                0x00001b6c                BT_OSMemCreate

i.BT_alloc_mem_ext
                0x00001ba8       0x3c
 i.BT_alloc_mem_ext
                0x00001ba8       0x3c ..\..\..\..\..\..\..\Documents\PSoC Creator\4.1\Downloads ( 4.1).cylib\BLE_v3_40\Library\gccCyBLEStack_BLE_SOC_PERIPHERAL.a(BT_os.o)
                0x00001ba8                BT_alloc_mem_ext

i.BT_free_mem   0x00001be4        0xc
 i.BT_free_mem  0x00001be4        0xc ..\..\..\..\..\..\..\Documents\PSoC Creator\4.1\Downloads ( 4.1).cylib\BLE_v3_40\Library\gccCyBLEStack_BLE_SOC_PERIPHERAL.a(BT_os.o)
                0x00001be4                BT_free_mem

i.bt_stack_create_buffer_pool
                0x00001bf0       0x30
 i.bt_stack_create_buffer_pool
                0x00001bf0       0x30 ..\..\..\..\..\..\..\Documents\PSoC Creator\4.1\Downloads ( 4.1).cylib\BLE_v3_40\Library\gccCyBLEStack_BLE_SOC_PERIPHERAL.a(BT_os.o)
                0x00001bf0                bt_stack_create_buffer_pool

i.BT_start_timer
                0x00001c20       0xa8
 i.BT_start_timer
                0x00001c20       0xa8 ..\..\..\..\..\..\..\Documents\PSoC Creator\4.1\Downloads ( 4.1).cylib\BLE_v3_40\Library\gccCyBLEStack_BLE_SOC_PERIPHERAL.a(BT_timer.o)
                0x00001c20                BT_start_timer

i.BT_stop_timer
                0x00001cc8       0x64
 i.BT_stop_timer
                0x00001cc8       0x64 ..\..\..\..\..\..\..\Documents\PSoC Creator\4.1\Downloads ( 4.1).cylib\BLE_v3_40\Library\gccCyBLEStack_BLE_SOC_PERIPHERAL.a(BT_timer.o)
                0x00001cc8                BT_stop_timer

i.BT_timer_process_signals
                0x00001d2c       0xa4
 i.BT_timer_process_signals
                0x00001d2c       0xa4 ..\..\..\..\..\..\..\Documents\PSoC Creator\4.1\Downloads ( 4.1).cylib\BLE_v3_40\Library\gccCyBLEStack_BLE_SOC_PERIPHERAL.a(BT_timer.o)
                0x00001d2c                BT_timer_process_signals

i.pf_timer_handle_callback
                0x00001dd0       0x20
 i.pf_timer_handle_callback
                0x00001dd0       0x20 ..\..\..\..\..\..\..\Documents\PSoC Creator\4.1\Downloads ( 4.1).cylib\BLE_v3_40\Library\gccCyBLEStack_BLE_SOC_PERIPHERAL.a(BT_timer.o)
                0x00001dd0                pf_timer_handle_callback

i.timer_active_entity
                0x00001df0       0x24
 i.timer_active_entity
                0x00001df0       0x24 ..\..\..\..\..\..\..\Documents\PSoC Creator\4.1\Downloads ( 4.1).cylib\BLE_v3_40\Library\gccCyBLEStack_BLE_SOC_PERIPHERAL.a(BT_timer.o)
                0x00001df0                timer_active_entity

i.timer_alloc_entity
                0x00001e14       0x1c
 i.timer_alloc_entity
                0x00001e14       0x1c ..\..\..\..\..\..\..\Documents\PSoC Creator\4.1\Downloads ( 4.1).cylib\BLE_v3_40\Library\gccCyBLEStack_BLE_SOC_PERIPHERAL.a(BT_timer.o)
                0x00001e14                timer_alloc_entity

i.timer_allocated_entity
                0x00001e30       0x34
 i.timer_allocated_entity
                0x00001e30       0x34 ..\..\..\..\..\..\..\Documents\PSoC Creator\4.1\Downloads ( 4.1).cylib\BLE_v3_40\Library\gccCyBLEStack_BLE_SOC_PERIPHERAL.a(BT_timer.o)
                0x00001e30                timer_allocated_entity

i.timer_bt_init
                0x00001e64        0x2
 i.timer_bt_init
                0x00001e64        0x2 ..\..\..\..\..\..\..\Documents\PSoC Creator\4.1\Downloads ( 4.1).cylib\BLE_v3_40\Library\gccCyBLEStack_BLE_SOC_PERIPHERAL.a(BT_timer.o)
                0x00001e64                timer_bt_init

i.timer_init    0x00001e68       0x28
 i.timer_init   0x00001e68       0x28 ..\..\..\..\..\..\..\Documents\PSoC Creator\4.1\Downloads ( 4.1).cylib\BLE_v3_40\Library\gccCyBLEStack_BLE_SOC_PERIPHERAL.a(BT_timer.o)
                0x00001e68                timer_init

i.timer_update_offsets
                0x00001e90       0x2c
 i.timer_update_offsets
                0x00001e90       0x2c ..\..\..\..\..\..\..\Documents\PSoC Creator\4.1\Downloads ( 4.1).cylib\BLE_v3_40\Library\gccCyBLEStack_BLE_SOC_PERIPHERAL.a(BT_timer.o)

i.CyBle_CheckBleStackTaskStatus
                0x00001ebc        0x4
 i.CyBle_CheckBleStackTaskStatus
                0x00001ebc        0x4 ..\..\..\..\..\..\..\Documents\PSoC Creator\4.1\Downloads ( 4.1).cylib\BLE_v3_40\Library\gccCyBLEStack_BLE_SOC_PERIPHERAL.a(CyBleStackMgr_StackTaskHandler.o)
                0x00001ebc                CyBle_CheckBleStackTaskStatus

i.CyBle_CreateBleStackTask
                0x00001ec0       0x2c
 i.CyBle_CreateBleStackTask
                0x00001ec0       0x2c ..\..\..\..\..\..\..\Documents\PSoC Creator\4.1\Downloads ( 4.1).cylib\BLE_v3_40\Library\gccCyBLEStack_BLE_SOC_PERIPHERAL.a(CyBleStackMgr_StackTaskHandler.o)
                0x00001ec0                CyBle_CreateBleStackTask

i.CyBle_SignalBleStackTask
                0x00001eec       0x50
 i.CyBle_SignalBleStackTask
                0x00001eec       0x50 ..\..\..\..\..\..\..\Documents\PSoC Creator\4.1\Downloads ( 4.1).cylib\BLE_v3_40\Library\gccCyBLEStack_BLE_SOC_PERIPHERAL.a(CyBleStackMgr_StackTaskHandler.o)
                0x00001eec                CyBle_SignalBleStackTask

i.CyBle_StackTaskHandler
                0x00001f3c       0x64
 i.CyBle_StackTaskHandler
                0x00001f3c       0x64 ..\..\..\..\..\..\..\Documents\PSoC Creator\4.1\Downloads ( 4.1).cylib\BLE_v3_40\Library\gccCyBLEStack_BLE_SOC_PERIPHERAL.a(CyBleStackMgr_StackTaskHandler.o)
                0x00001f3c                CyBle_StackTaskHandler

i.hci_soft_transport_notify_data_received
                0x00001fa0        0xc
 i.hci_soft_transport_notify_data_received
                0x00001fa0        0xc ..\..\..\..\..\..\..\Documents\PSoC Creator\4.1\Downloads ( 4.1).cylib\BLE_v3_40\Library\gccCyBLEStack_BLE_SOC_PERIPHERAL.a(transport_sf.o)
                0x00001fa0                hci_soft_transport_notify_data_received

i.hci_soft_transport_rx_data
                0x00001fac       0x40
 i.hci_soft_transport_rx_data
                0x00001fac       0x40 ..\..\..\..\..\..\..\Documents\PSoC Creator\4.1\Downloads ( 4.1).cylib\BLE_v3_40\Library\gccCyBLEStack_BLE_SOC_PERIPHERAL.a(transport_sf.o)
                0x00001fac                hci_soft_transport_rx_data

i.hci_transport_bt_init
                0x00001fec        0x2
 i.hci_transport_bt_init
                0x00001fec        0x2 ..\..\..\..\..\..\..\Documents\PSoC Creator\4.1\Downloads ( 4.1).cylib\BLE_v3_40\Library\gccCyBLEStack_BLE_SOC_PERIPHERAL.a(transport_sf.o)
                0x00001fec                hci_transport_bt_init

i.hci_transport_init
                0x00001ff0       0x10
 i.hci_transport_init
                0x00001ff0       0x10 ..\..\..\..\..\..\..\Documents\PSoC Creator\4.1\Downloads ( 4.1).cylib\BLE_v3_40\Library\gccCyBLEStack_BLE_SOC_PERIPHERAL.a(transport_sf.o)
                0x00001ff0                hci_transport_init

i.hci_transport_write_data
                0x00002000       0xd4
 i.hci_transport_write_data
                0x00002000       0xd4 ..\..\..\..\..\..\..\Documents\PSoC Creator\4.1\Downloads ( 4.1).cylib\BLE_v3_40\Library\gccCyBLEStack_BLE_SOC_PERIPHERAL.a(transport_sf.o)
                0x00002000                hci_transport_write_data

i.pf_hci_soft_transport_write
                0x000020d4       0x44
 i.pf_hci_soft_transport_write
                0x000020d4       0x44 ..\..\..\..\..\..\..\Documents\PSoC Creator\4.1\Downloads ( 4.1).cylib\BLE_v3_40\Library\gccCyBLEStack_BLE_SOC_PERIPHERAL.a(transport_sf.o)
                0x000020d4                pf_hci_soft_transport_write

i.pf_soft_hci_transport_init
                0x00002118        0xc
 i.pf_soft_hci_transport_init
                0x00002118        0xc ..\..\..\..\..\..\..\Documents\PSoC Creator\4.1\Downloads ( 4.1).cylib\BLE_v3_40\Library\gccCyBLEStack_BLE_SOC_PERIPHERAL.a(transport_sf.o)
                0x00002118                pf_soft_hci_transport_init

i.CyBleStackMgr_GetTime
                0x00002124       0x14
 i.CyBleStackMgr_GetTime
                0x00002124       0x14 ..\..\..\..\..\..\..\Documents\PSoC Creator\4.1\Downloads ( 4.1).cylib\BLE_v3_40\Library\gccCyBLEStack_BLE_SOC_PERIPHERAL.a(CyBleStackMgr_PSoCHal.o)
                0x00002124                CyBleStackMgr_GetTime

i.CyBleStackMgr_HalInit
                0x00002138       0x24
 i.CyBleStackMgr_HalInit
                0x00002138       0x24 ..\..\..\..\..\..\..\Documents\PSoC Creator\4.1\Downloads ( 4.1).cylib\BLE_v3_40\Library\gccCyBLEStack_BLE_SOC_PERIPHERAL.a(CyBleStackMgr_PSoCHal.o)
                0x00002138                CyBleStackMgr_HalInit

i.CyBleStackMgr_HalIntrEnable
                0x0000215c        0x8
 i.CyBleStackMgr_HalIntrEnable
                0x0000215c        0x8 ..\..\..\..\..\..\..\Documents\PSoC Creator\4.1\Downloads ( 4.1).cylib\BLE_v3_40\Library\gccCyBLEStack_BLE_SOC_PERIPHERAL.a(CyBleStackMgr_PSoCHal.o)
                0x0000215c                CyBleStackMgr_HalIntrEnable

i.CyBleStackMgr_HandleLinkLayerTick
                0x00002164       0x5c
 i.CyBleStackMgr_HandleLinkLayerTick
                0x00002164       0x5c ..\..\..\..\..\..\..\Documents\PSoC Creator\4.1\Downloads ( 4.1).cylib\BLE_v3_40\Library\gccCyBLEStack_BLE_SOC_PERIPHERAL.a(CyBleStackMgr_PSoCHal.o)
                0x00002164                CyBleStackMgr_HandleLinkLayerTick

i.CyBleStackMgr_HciPortInit
                0x000021c0        0xc
 i.CyBleStackMgr_HciPortInit
                0x000021c0        0xc ..\..\..\..\..\..\..\Documents\PSoC Creator\4.1\Downloads ( 4.1).cylib\BLE_v3_40\Library\gccCyBLEStack_BLE_SOC_PERIPHERAL.a(CyBleStackMgr_PSoCHal.o)
                0x000021c0                CyBleStackMgr_HciPortInit

i.CyBleStackMgr_HciPortReset
                0x000021cc        0x2
 i.CyBleStackMgr_HciPortReset
                0x000021cc        0x2 ..\..\..\..\..\..\..\Documents\PSoC Creator\4.1\Downloads ( 4.1).cylib\BLE_v3_40\Library\gccCyBLEStack_BLE_SOC_PERIPHERAL.a(CyBleStackMgr_PSoCHal.o)
                0x000021cc                CyBleStackMgr_HciPortReset

i.CyBleStackMgr_HciPortWrite
                0x000021ce        0x8
 i.CyBleStackMgr_HciPortWrite
                0x000021ce        0x8 ..\..\..\..\..\..\..\Documents\PSoC Creator\4.1\Downloads ( 4.1).cylib\BLE_v3_40\Library\gccCyBLEStack_BLE_SOC_PERIPHERAL.a(CyBleStackMgr_PSoCHal.o)
                0x000021ce                CyBleStackMgr_HciPortWrite

i.CyBleStackMgr_ResetLinkLayerTimerEntity
                0x000021d8       0x14
 i.CyBleStackMgr_ResetLinkLayerTimerEntity
                0x000021d8       0x14 ..\..\..\..\..\..\..\Documents\PSoC Creator\4.1\Downloads ( 4.1).cylib\BLE_v3_40\Library\gccCyBLEStack_BLE_SOC_PERIPHERAL.a(CyBleStackMgr_PSoCHal.o)
                0x000021d8                CyBleStackMgr_ResetLinkLayerTimerEntity

i.CyBleStackMgr_TimerStart
                0x000021ec       0x2c
 i.CyBleStackMgr_TimerStart
                0x000021ec       0x2c ..\..\..\..\..\..\..\Documents\PSoC Creator\4.1\Downloads ( 4.1).cylib\BLE_v3_40\Library\gccCyBLEStack_BLE_SOC_PERIPHERAL.a(CyBleStackMgr_PSoCHal.o)
                0x000021ec                CyBleStackMgr_TimerStart

i.CyBleStackMgr_TimerStop
                0x00002218       0x18
 i.CyBleStackMgr_TimerStop
                0x00002218       0x18 ..\..\..\..\..\..\..\Documents\PSoC Creator\4.1\Downloads ( 4.1).cylib\BLE_v3_40\Library\gccCyBLEStack_BLE_SOC_PERIPHERAL.a(CyBleStackMgr_PSoCHal.o)
                0x00002218                CyBleStackMgr_TimerStop

i.CyBleStackMgr_isTimerRunning
                0x00002230       0x10
 i.CyBleStackMgr_isTimerRunning
                0x00002230       0x10 ..\..\..\..\..\..\..\Documents\PSoC Creator\4.1\Downloads ( 4.1).cylib\BLE_v3_40\Library\gccCyBLEStack_BLE_SOC_PERIPHERAL.a(CyBleStackMgr_PSoCHal.o)
                0x00002230                CyBleStackMgr_isTimerRunning

i.CyBleAtlantisRadioInit
                0x00002240      0x168
 i.CyBleAtlantisRadioInit
                0x00002240      0x168 ..\..\..\..\..\..\..\Documents\PSoC Creator\4.1\Downloads ( 4.1).cylib\BLE_v3_40\Library\gccCyBLEStack_BLE_SOC_PERIPHERAL.a(CyBleStackMgr_BleSSDriver.o)

i.CyBleStackMgr_BleSSFifoRead
                0x000023a8       0x38
 i.CyBleStackMgr_BleSSFifoRead
                0x000023a8       0x38 ..\..\..\..\..\..\..\Documents\PSoC Creator\4.1\Downloads ( 4.1).cylib\BLE_v3_40\Library\gccCyBLEStack_BLE_SOC_PERIPHERAL.a(CyBleStackMgr_BleSSDriver.o)
                0x000023a8                CyBleStackMgr_BleSSFifoRead

i.CyBleStackMgr_BleSSFifoWrite
                0x000023e0       0x30
 i.CyBleStackMgr_BleSSFifoWrite
                0x000023e0       0x30 ..\..\..\..\..\..\..\Documents\PSoC Creator\4.1\Downloads ( 4.1).cylib\BLE_v3_40\Library\gccCyBLEStack_BLE_SOC_PERIPHERAL.a(CyBleStackMgr_BleSSDriver.o)
                0x000023e0                CyBleStackMgr_BleSSFifoWrite

i.CyBleStackMgr_BleSSInit
                0x00002410       0x50
 i.CyBleStackMgr_BleSSInit
                0x00002410       0x50 ..\..\..\..\..\..\..\Documents\PSoC Creator\4.1\Downloads ( 4.1).cylib\BLE_v3_40\Library\gccCyBLEStack_BLE_SOC_PERIPHERAL.a(CyBleStackMgr_BleSSDriver.o)
                0x00002410                CyBleStackMgr_BleSSInit

i.CyBleStackMgr_BleSSMemRead
                0x00002460       0x32
 i.CyBleStackMgr_BleSSMemRead
                0x00002460       0x32 ..\..\..\..\..\..\..\Documents\PSoC Creator\4.1\Downloads ( 4.1).cylib\BLE_v3_40\Library\gccCyBLEStack_BLE_SOC_PERIPHERAL.a(CyBleStackMgr_BleSSDriver.o)
                0x00002460                CyBleStackMgr_BleSSMemRead

i.CyBleStackMgr_BleSSMemWrite
                0x00002494       0x34
 i.CyBleStackMgr_BleSSMemWrite
                0x00002494       0x34 ..\..\..\..\..\..\..\Documents\PSoC Creator\4.1\Downloads ( 4.1).cylib\BLE_v3_40\Library\gccCyBLEStack_BLE_SOC_PERIPHERAL.a(CyBleStackMgr_BleSSDriver.o)
                0x00002494                CyBleStackMgr_BleSSMemWrite

i.CyBleStackMgr_BleSSMemWriteFields
                0x000024c8       0x78
 i.CyBleStackMgr_BleSSMemWriteFields
                0x000024c8       0x78 ..\..\..\..\..\..\..\Documents\PSoC Creator\4.1\Downloads ( 4.1).cylib\BLE_v3_40\Library\gccCyBLEStack_BLE_SOC_PERIPHERAL.a(CyBleStackMgr_BleSSDriver.o)
                0x000024c8                CyBleStackMgr_BleSSMemWriteFields

i.CyBleStackMgr_BleSSRegRead
                0x00002540        0xc
 i.CyBleStackMgr_BleSSRegRead
                0x00002540        0xc ..\..\..\..\..\..\..\Documents\PSoC Creator\4.1\Downloads ( 4.1).cylib\BLE_v3_40\Library\gccCyBLEStack_BLE_SOC_PERIPHERAL.a(CyBleStackMgr_BleSSDriver.o)
                0x00002540                CyBleStackMgr_BleSSRegRead

i.CyBleStackMgr_BleSSReset
                0x0000254c       0x38
 i.CyBleStackMgr_BleSSReset
                0x0000254c       0x38 ..\..\..\..\..\..\..\Documents\PSoC Creator\4.1\Downloads ( 4.1).cylib\BLE_v3_40\Library\gccCyBLEStack_BLE_SOC_PERIPHERAL.a(CyBleStackMgr_BleSSDriver.o)
                0x0000254c                CyBleStackMgr_BleSSReset

i.CyBleStackMgr_BleSSShutdown
                0x00002584       0x3c
 i.CyBleStackMgr_BleSSShutdown
                0x00002584       0x3c ..\..\..\..\..\..\..\Documents\PSoC Creator\4.1\Downloads ( 4.1).cylib\BLE_v3_40\Library\gccCyBLEStack_BLE_SOC_PERIPHERAL.a(CyBleStackMgr_BleSSDriver.o)
                0x00002584                CyBleStackMgr_BleSSShutdown

i.CyBleStackMgr_GenericIface
                0x000025c0       0x3c
 i.CyBleStackMgr_GenericIface
                0x000025c0       0x3c ..\..\..\..\..\..\..\Documents\PSoC Creator\4.1\Downloads ( 4.1).cylib\BLE_v3_40\Library\gccCyBLEStack_BLE_SOC_PERIPHERAL.a(CyBleStackMgr_BleSSDriver.o)
                0x000025c0                CyBleStackMgr_GenericIface

i.CyBleStackMgr_HandleBleSSIntr
                0x000025fc       0xa0
 i.CyBleStackMgr_HandleBleSSIntr
                0x000025fc       0xa0 ..\..\..\..\..\..\..\Documents\PSoC Creator\4.1\Downloads ( 4.1).cylib\BLE_v3_40\Library\gccCyBLEStack_BLE_SOC_PERIPHERAL.a(CyBleStackMgr_BleSSDriver.o)
                0x000025fc                CyBleStackMgr_HandleBleSSIntr

i.CyBleStackMgr_SetClockParam
                0x0000269c       0xb4
 i.CyBleStackMgr_SetClockParam
                0x0000269c       0xb4 ..\..\..\..\..\..\..\Documents\PSoC Creator\4.1\Downloads ( 4.1).cylib\BLE_v3_40\Library\gccCyBLEStack_BLE_SOC_PERIPHERAL.a(CyBleStackMgr_BleSSDriver.o)

i.CyBleStackMgr_isXtalCpuClkSource
                0x00002750       0x18
 i.CyBleStackMgr_isXtalCpuClkSource
                0x00002750       0x18 ..\..\..\..\..\..\..\Documents\PSoC Creator\4.1\Downloads ( 4.1).cylib\BLE_v3_40\Library\gccCyBLEStack_BLE_SOC_PERIPHERAL.a(CyBleStackMgr_BleSSDriver.o)
                0x00002750                CyBleStackMgr_isXtalCpuClkSource

i.CyBle_EnterDsmMode
                0x00002768       0x3c
 i.CyBle_EnterDsmMode
                0x00002768       0x3c ..\..\..\..\..\..\..\Documents\PSoC Creator\4.1\Downloads ( 4.1).cylib\BLE_v3_40\Library\gccCyBLEStack_BLE_SOC_PERIPHERAL.a(CyBleStackMgr_BleSSDriver.o)
                0x00002768                CyBle_EnterDsmMode

i.CyBle_ExitDsmMode
                0x000027a4       0x2c
 i.CyBle_ExitDsmMode
                0x000027a4       0x2c ..\..\..\..\..\..\..\Documents\PSoC Creator\4.1\Downloads ( 4.1).cylib\BLE_v3_40\Library\gccCyBLEStack_BLE_SOC_PERIPHERAL.a(CyBleStackMgr_BleSSDriver.o)
                0x000027a4                CyBle_ExitDsmMode

i.CyBle_GetBleSsOperationalMode
                0x000027d0        0xc
 i.CyBle_GetBleSsOperationalMode
                0x000027d0        0xc ..\..\..\..\..\..\..\Documents\PSoC Creator\4.1\Downloads ( 4.1).cylib\BLE_v3_40\Library\gccCyBLEStack_BLE_SOC_PERIPHERAL.a(CyBleStackMgr_BleSSDriver.o)
                0x000027d0                CyBle_GetBleSsOperationalMode

i.CyBle_GetLpMode
                0x000027dc       0x26
 i.CyBle_GetLpMode
                0x000027dc       0x26 ..\..\..\..\..\..\..\Documents\PSoC Creator\4.1\Downloads ( 4.1).cylib\BLE_v3_40\Library\gccCyBLEStack_BLE_SOC_PERIPHERAL.a(CyBleStackMgr_BleSSDriver.o)
                0x000027dc                CyBle_GetLpMode

i.CyBle_GetTxGainMode
                0x00002804       0x2c
 i.CyBle_GetTxGainMode
                0x00002804       0x2c ..\..\..\..\..\..\..\Documents\PSoC Creator\4.1\Downloads ( 4.1).cylib\BLE_v3_40\Library\gccCyBLEStack_BLE_SOC_PERIPHERAL.a(CyBleStackMgr_BleSSDriver.o)
                0x00002804                CyBle_GetTxGainMode

i.CyBle_SetAutoWakeUp
                0x00002830        0xc
 i.CyBle_SetAutoWakeUp
                0x00002830        0xc ..\..\..\..\..\..\..\Documents\PSoC Creator\4.1\Downloads ( 4.1).cylib\BLE_v3_40\Library\gccCyBLEStack_BLE_SOC_PERIPHERAL.a(CyBleStackMgr_BleSSDriver.o)
                0x00002830                CyBle_SetAutoWakeUp

i.CyBle_SetBleSsOperationalMode
                0x0000283c       0x20
 i.CyBle_SetBleSsOperationalMode
                0x0000283c       0x20 ..\..\..\..\..\..\..\Documents\PSoC Creator\4.1\Downloads ( 4.1).cylib\BLE_v3_40\Library\gccCyBLEStack_BLE_SOC_PERIPHERAL.a(CyBleStackMgr_BleSSDriver.o)
                0x0000283c                CyBle_SetBleSsOperationalMode

i.CyBle_SetEventCloseState
                0x0000285c        0xc
 i.CyBle_SetEventCloseState
                0x0000285c        0xc ..\..\..\..\..\..\..\Documents\PSoC Creator\4.1\Downloads ( 4.1).cylib\BLE_v3_40\Library\gccCyBLEStack_BLE_SOC_PERIPHERAL.a(CyBleStackMgr_BleSSDriver.o)
                0x0000285c                CyBle_SetEventCloseState

i.CyBle_SetRxGainMode
                0x00002868       0x20
 i.CyBle_SetRxGainMode
                0x00002868       0x20 ..\..\..\..\..\..\..\Documents\PSoC Creator\4.1\Downloads ( 4.1).cylib\BLE_v3_40\Library\gccCyBLEStack_BLE_SOC_PERIPHERAL.a(CyBleStackMgr_BleSSDriver.o)
                0x00002868                CyBle_SetRxGainMode

i.CyBle_SetTxGainMode
                0x00002888       0x38
 i.CyBle_SetTxGainMode
                0x00002888       0x38 ..\..\..\..\..\..\..\Documents\PSoC Creator\4.1\Downloads ( 4.1).cylib\BLE_v3_40\Library\gccCyBLEStack_BLE_SOC_PERIPHERAL.a(CyBleStackMgr_BleSSDriver.o)
                0x00002888                CyBle_SetTxGainMode

i.pf_rf_get_abs_rssi
                0x000028c0       0x50
 i.pf_rf_get_abs_rssi
                0x000028c0       0x50 ..\..\..\..\..\..\..\Documents\PSoC Creator\4.1\Downloads ( 4.1).cylib\BLE_v3_40\Library\gccCyBLEStack_BLE_SOC_PERIPHERAL.a(CyBleStackMgr_BleSSDriver.o)
                0x000028c0                pf_rf_get_abs_rssi

i.BleStackFlashStorageInit
                0x00002910       0x84
 i.BleStackFlashStorageInit
                0x00002910       0x84 ..\..\..\..\..\..\..\Documents\PSoC Creator\4.1\Downloads ( 4.1).cylib\BLE_v3_40\Library\gccCyBLEStack_BLE_SOC_PERIPHERAL.a(storage_pl.o)
                0x00002910                BleStackFlashStorageInit

i.BleStackIsFlashCorrupted
                0x00002994       0x3c
 i.BleStackIsFlashCorrupted
                0x00002994       0x3c ..\..\..\..\..\..\..\Documents\PSoC Creator\4.1\Downloads ( 4.1).cylib\BLE_v3_40\Library\gccCyBLEStack_BLE_SOC_PERIPHERAL.a(storage_pl.o)
                0x00002994                BleStackIsFlashCorrupted

i.BleStackWriteToFlashPending
                0x000029d0       0x24
 i.BleStackWriteToFlashPending
                0x000029d0       0x24 ..\..\..\..\..\..\..\Documents\PSoC Creator\4.1\Downloads ( 4.1).cylib\BLE_v3_40\Library\gccCyBLEStack_BLE_SOC_PERIPHERAL.a(storage_pl.o)
                0x000029d0                BleStackWriteToFlashPending

i.BleStackWriteToFlashRam
                0x000029f4       0x78
 i.BleStackWriteToFlashRam
                0x000029f4       0x78 ..\..\..\..\..\..\..\Documents\PSoC Creator\4.1\Downloads ( 4.1).cylib\BLE_v3_40\Library\gccCyBLEStack_BLE_SOC_PERIPHERAL.a(storage_pl.o)
                0x000029f4                BleStackWriteToFlashRam

i.calc_checksum
                0x00002a6c       0x1a
 i.calc_checksum
                0x00002a6c       0x1a ..\..\..\..\..\..\..\Documents\PSoC Creator\4.1\Downloads ( 4.1).cylib\BLE_v3_40\Library\gccCyBLEStack_BLE_SOC_PERIPHERAL.a(storage_pl.o)
                0x00002a6c                calc_checksum

i.storage_bt_init_pl
                0x00002a88       0x30
 i.storage_bt_init_pl
                0x00002a88       0x30 ..\..\..\..\..\..\..\Documents\PSoC Creator\4.1\Downloads ( 4.1).cylib\BLE_v3_40\Library\gccCyBLEStack_BLE_SOC_PERIPHERAL.a(storage_pl.o)
                0x00002a88                storage_bt_init_pl

i.storage_close_pl
                0x00002ab8        0x4
 i.storage_close_pl
                0x00002ab8        0x4 ..\..\..\..\..\..\..\Documents\PSoC Creator\4.1\Downloads ( 4.1).cylib\BLE_v3_40\Library\gccCyBLEStack_BLE_SOC_PERIPHERAL.a(storage_pl.o)
                0x00002ab8                storage_close_pl

i.storage_open_pl
                0x00002abc       0x1c
 i.storage_open_pl
                0x00002abc       0x1c ..\..\..\..\..\..\..\Documents\PSoC Creator\4.1\Downloads ( 4.1).cylib\BLE_v3_40\Library\gccCyBLEStack_BLE_SOC_PERIPHERAL.a(storage_pl.o)
                0x00002abc                storage_open_pl

i.storage_read_pl
                0x00002ad8       0x28
 i.storage_read_pl
                0x00002ad8       0x28 ..\..\..\..\..\..\..\Documents\PSoC Creator\4.1\Downloads ( 4.1).cylib\BLE_v3_40\Library\gccCyBLEStack_BLE_SOC_PERIPHERAL.a(storage_pl.o)
                0x00002ad8                storage_read_pl

i.storage_read_signature_pl
                0x00002b00       0x2c
 i.storage_read_signature_pl
                0x00002b00       0x2c ..\..\..\..\..\..\..\Documents\PSoC Creator\4.1\Downloads ( 4.1).cylib\BLE_v3_40\Library\gccCyBLEStack_BLE_SOC_PERIPHERAL.a(storage_pl.o)
                0x00002b00                storage_read_signature_pl

i.storage_register_flash_pointer
                0x00002b2c       0x20
 i.storage_register_flash_pointer
                0x00002b2c       0x20 ..\..\..\..\..\..\..\Documents\PSoC Creator\4.1\Downloads ( 4.1).cylib\BLE_v3_40\Library\gccCyBLEStack_BLE_SOC_PERIPHERAL.a(storage_pl.o)
                0x00002b2c                storage_register_flash_pointer

i.storage_reset_storage_offset
                0x00002b4c       0x10
 i.storage_reset_storage_offset
                0x00002b4c       0x10 ..\..\..\..\..\..\..\Documents\PSoC Creator\4.1\Downloads ( 4.1).cylib\BLE_v3_40\Library\gccCyBLEStack_BLE_SOC_PERIPHERAL.a(storage_pl.o)

i.storage_write_pl
                0x00002b5c       0x24
 i.storage_write_pl
                0x00002b5c       0x24 ..\..\..\..\..\..\..\Documents\PSoC Creator\4.1\Downloads ( 4.1).cylib\BLE_v3_40\Library\gccCyBLEStack_BLE_SOC_PERIPHERAL.a(storage_pl.o)
                0x00002b5c                storage_write_pl

i.storage_write_signature_pl
                0x00002b80       0x14
 i.storage_write_signature_pl
                0x00002b80       0x14 ..\..\..\..\..\..\..\Documents\PSoC Creator\4.1\Downloads ( 4.1).cylib\BLE_v3_40\Library\gccCyBLEStack_BLE_SOC_PERIPHERAL.a(storage_pl.o)
                0x00002b80                storage_write_signature_pl

i.OS_init       0x00002b94       0x64
 i.OS_init      0x00002b94       0x64 ..\..\..\..\..\..\..\Documents\PSoC Creator\4.1\Downloads ( 4.1).cylib\BLE_v3_40\Library\gccCyBLEStack_BLE_SOC_PERIPHERAL.a(mint_os.o)
                0x00002b94                OS_init

i.mintos_malloc
                0x00002bf8       0x34
 i.mintos_malloc
                0x00002bf8       0x34 ..\..\..\..\..\..\..\Documents\PSoC Creator\4.1\Downloads ( 4.1).cylib\BLE_v3_40\Library\gccCyBLEStack_BLE_SOC_PERIPHERAL.a(mint_os.o)
                0x00002bf8                mintos_malloc

i.OS_create_queue
                0x00002c2c       0x64
 i.OS_create_queue
                0x00002c2c       0x64 ..\..\..\..\..\..\..\Documents\PSoC Creator\4.1\Downloads ( 4.1).cylib\BLE_v3_40\Library\gccCyBLEStack_BLE_SOC_PERIPHERAL.a(mint_os_queue.o)
                0x00002c2c                OS_create_queue

i.OS_enqueue_item
                0x00002c90       0x8c
 i.OS_enqueue_item
                0x00002c90       0x8c ..\..\..\..\..\..\..\Documents\PSoC Creator\4.1\Downloads ( 4.1).cylib\BLE_v3_40\Library\gccCyBLEStack_BLE_SOC_PERIPHERAL.a(mint_os_queue.o)
                0x00002c90                OS_enqueue_item

i.OS_queue_get_num_of_items
                0x00002d1c       0x28
 i.OS_queue_get_num_of_items
                0x00002d1c       0x28 ..\..\..\..\..\..\..\Documents\PSoC Creator\4.1\Downloads ( 4.1).cylib\BLE_v3_40\Library\gccCyBLEStack_BLE_SOC_PERIPHERAL.a(mint_os_queue.o)
                0x00002d1c                OS_queue_get_num_of_items

i.OS_queue_mgmt_init
                0x00002d44       0x40
 i.OS_queue_mgmt_init
                0x00002d44       0x40 ..\..\..\..\..\..\..\Documents\PSoC Creator\4.1\Downloads ( 4.1).cylib\BLE_v3_40\Library\gccCyBLEStack_BLE_SOC_PERIPHERAL.a(mint_os_queue.o)
                0x00002d44                OS_queue_mgmt_init

i.OS_remove_item
                0x00002d84       0xa0
 i.OS_remove_item
                0x00002d84       0xa0 ..\..\..\..\..\..\..\Documents\PSoC Creator\4.1\Downloads ( 4.1).cylib\BLE_v3_40\Library\gccCyBLEStack_BLE_SOC_PERIPHERAL.a(mint_os_queue.o)
                0x00002d84                OS_remove_item

i.OS_create_task
                0x00002e24       0x88
 i.OS_create_task
                0x00002e24       0x88 ..\..\..\..\..\..\..\Documents\PSoC Creator\4.1\Downloads ( 4.1).cylib\BLE_v3_40\Library\gccCyBLEStack_BLE_SOC_PERIPHERAL.a(mint_os_task.o)
                0x00002e24                OS_create_task

i.OS_isr_send_signal_to_task
                0x00002eac        0xc
 i.OS_isr_send_signal_to_task
                0x00002eac        0xc ..\..\..\..\..\..\..\Documents\PSoC Creator\4.1\Downloads ( 4.1).cylib\BLE_v3_40\Library\gccCyBLEStack_BLE_SOC_PERIPHERAL.a(mint_os_task.o)
                0x00002eac                OS_isr_send_signal_to_task

i.OS_scheduler  0x00002eb8       0x64
 i.OS_scheduler
                0x00002eb8       0x64 ..\..\..\..\..\..\..\Documents\PSoC Creator\4.1\Downloads ( 4.1).cylib\BLE_v3_40\Library\gccCyBLEStack_BLE_SOC_PERIPHERAL.a(mint_os_task.o)
                0x00002eb8                OS_scheduler

i.OS_send_signal_to_task
                0x00002f1c        0xc
 i.OS_send_signal_to_task
                0x00002f1c        0xc ..\..\..\..\..\..\..\Documents\PSoC Creator\4.1\Downloads ( 4.1).cylib\BLE_v3_40\Library\gccCyBLEStack_BLE_SOC_PERIPHERAL.a(mint_os_task.o)
                0x00002f1c                OS_send_signal_to_task

i.OS_send_signal_to_task_context
                0x00002f28       0x3c
 i.OS_send_signal_to_task_context
                0x00002f28       0x3c ..\..\..\..\..\..\..\Documents\PSoC Creator\4.1\Downloads ( 4.1).cylib\BLE_v3_40\Library\gccCyBLEStack_BLE_SOC_PERIPHERAL.a(mint_os_task.o)

i.OS_task_mgmt_init
                0x00002f64       0x50
 i.OS_task_mgmt_init
                0x00002f64       0x50 ..\..\..\..\..\..\..\Documents\PSoC Creator\4.1\Downloads ( 4.1).cylib\BLE_v3_40\Library\gccCyBLEStack_BLE_SOC_PERIPHERAL.a(mint_os_task.o)
                0x00002f64                OS_task_mgmt_init

i.mint_buf_mgmt_allocate_buffer
                0x00002fb4       0x4c
 i.mint_buf_mgmt_allocate_buffer
                0x00002fb4       0x4c ..\..\..\..\..\..\..\Documents\PSoC Creator\4.1\Downloads ( 4.1).cylib\BLE_v3_40\Library\gccCyBLEStack_BLE_SOC_PERIPHERAL.a(mint_buf_mgmt.o)
                0x00002fb4                mint_buf_mgmt_allocate_buffer

i.mint_buf_mgmt_create_pool
                0x00003000       0xd0
 i.mint_buf_mgmt_create_pool
                0x00003000       0xd0 ..\..\..\..\..\..\..\Documents\PSoC Creator\4.1\Downloads ( 4.1).cylib\BLE_v3_40\Library\gccCyBLEStack_BLE_SOC_PERIPHERAL.a(mint_buf_mgmt.o)
                0x00003000                mint_buf_mgmt_create_pool

i.mint_buf_mgmt_free_buffer
                0x000030d0       0xa4
 i.mint_buf_mgmt_free_buffer
                0x000030d0       0xa4 ..\..\..\..\..\..\..\Documents\PSoC Creator\4.1\Downloads ( 4.1).cylib\BLE_v3_40\Library\gccCyBLEStack_BLE_SOC_PERIPHERAL.a(mint_buf_mgmt.o)
                0x000030d0                mint_buf_mgmt_free_buffer

i.mint_buf_mgmt_init
                0x00003174       0x44
 i.mint_buf_mgmt_init
                0x00003174       0x44 ..\..\..\..\..\..\..\Documents\PSoC Creator\4.1\Downloads ( 4.1).cylib\BLE_v3_40\Library\gccCyBLEStack_BLE_SOC_PERIPHERAL.a(mint_buf_mgmt.o)
                0x00003174                mint_buf_mgmt_init

i.mint_buf_mgmt_malloc
                0x000031b8       0x28
 i.mint_buf_mgmt_malloc
                0x000031b8       0x28 ..\..\..\..\..\..\..\Documents\PSoC Creator\4.1\Downloads ( 4.1).cylib\BLE_v3_40\Library\gccCyBLEStack_BLE_SOC_PERIPHERAL.a(mint_buf_mgmt.o)
                0x000031b8                mint_buf_mgmt_malloc

i.mint_buf_mgmt_pl_init
                0x000031e0       0x48
 i.mint_buf_mgmt_pl_init
                0x000031e0       0x48 ..\..\..\..\..\..\..\Documents\PSoC Creator\4.1\Downloads ( 4.1).cylib\BLE_v3_40\Library\gccCyBLEStack_BLE_SOC_PERIPHERAL.a(mint_buf_mgmt.o)
                0x000031e0                mint_buf_mgmt_pl_init

i.mint_buf_mgmt_reset_pool
                0x00003228       0x70
 i.mint_buf_mgmt_reset_pool
                0x00003228       0x70 ..\..\..\..\..\..\..\Documents\PSoC Creator\4.1\Downloads ( 4.1).cylib\BLE_v3_40\Library\gccCyBLEStack_BLE_SOC_PERIPHERAL.a(mint_buf_mgmt.o)
                0x00003228                mint_buf_mgmt_reset_pool

i.mint_buf_mgmt_stack_init
                0x00003298       0x24
 i.mint_buf_mgmt_stack_init
                0x00003298       0x24 ..\..\..\..\..\..\..\Documents\PSoC Creator\4.1\Downloads ( 4.1).cylib\BLE_v3_40\Library\gccCyBLEStack_BLE_SOC_PERIPHERAL.a(mint_buf_mgmt.o)
                0x00003298                mint_buf_mgmt_stack_init

i.mint_buf_mgmt_stack_pop
                0x000032bc       0x36
 i.mint_buf_mgmt_stack_pop
                0x000032bc       0x36 ..\..\..\..\..\..\..\Documents\PSoC Creator\4.1\Downloads ( 4.1).cylib\BLE_v3_40\Library\gccCyBLEStack_BLE_SOC_PERIPHERAL.a(mint_buf_mgmt.o)
                0x000032bc                mint_buf_mgmt_stack_pop

i.mint_buf_mgmt_stack_push
                0x000032f2       0x36
 i.mint_buf_mgmt_stack_push
                0x000032f2       0x36 ..\..\..\..\..\..\..\Documents\PSoC Creator\4.1\Downloads ( 4.1).cylib\BLE_v3_40\Library\gccCyBLEStack_BLE_SOC_PERIPHERAL.a(mint_buf_mgmt.o)
                0x000032f2                mint_buf_mgmt_stack_push

i.mint_buf_mgmt_stack_reset
                0x00003328       0x1e
 i.mint_buf_mgmt_stack_reset
                0x00003328       0x1e ..\..\..\..\..\..\..\Documents\PSoC Creator\4.1\Downloads ( 4.1).cylib\BLE_v3_40\Library\gccCyBLEStack_BLE_SOC_PERIPHERAL.a(mint_buf_mgmt.o)
                0x00003328                mint_buf_mgmt_stack_reset

i.mint_buf_mgmt_stack_search_item
                0x00003346       0x30
 i.mint_buf_mgmt_stack_search_item
                0x00003346       0x30 ..\..\..\..\..\..\..\Documents\PSoC Creator\4.1\Downloads ( 4.1).cylib\BLE_v3_40\Library\gccCyBLEStack_BLE_SOC_PERIPHERAL.a(mint_buf_mgmt.o)
                0x00003346                mint_buf_mgmt_stack_search_item

i.CyBleControllerIP_GetPingState
                0x00003378        0xc
 i.CyBleControllerIP_GetPingState
                0x00003378        0xc ..\..\..\..\..\..\..\Documents\PSoC Creator\4.1\Downloads ( 4.1).cylib\BLE_v3_40\Library\gccCyBLEStack_BLE_SOC_PERIPHERAL.a(CyBleControllerIP_Interface.o)
                0x00003378                CyBleControllerIP_GetPingState

i.CyBleController_AddDeviceToWhiteList
                0x00003384       0x48
 i.CyBleController_AddDeviceToWhiteList
                0x00003384       0x48 ..\..\..\..\..\..\..\Documents\PSoC Creator\4.1\Downloads ( 4.1).cylib\BLE_v3_40\Library\gccCyBLEStack_BLE_SOC_PERIPHERAL.a(CyBleControllerIP_Interface.o)
                0x00003384                CyBleController_AddDeviceToWhiteList

i.CyBleController_EnableDefaultDevicePrivacy
                0x000033cc        0xc
 i.CyBleController_EnableDefaultDevicePrivacy
                0x000033cc        0xc ..\..\..\..\..\..\..\Documents\PSoC Creator\4.1\Downloads ( 4.1).cylib\BLE_v3_40\Library\gccCyBLEStack_BLE_SOC_PERIPHERAL.a(CyBleControllerIP_Interface.o)
                0x000033cc                CyBleController_EnableDefaultDevicePrivacy

i.CyBleController_EnterLowPowerMode
                0x000033d8       0x2c
 i.CyBleController_EnterLowPowerMode
                0x000033d8       0x2c ..\..\..\..\..\..\..\Documents\PSoC Creator\4.1\Downloads ( 4.1).cylib\BLE_v3_40\Library\gccCyBLEStack_BLE_SOC_PERIPHERAL.a(CyBleControllerIP_Interface.o)
                0x000033d8                CyBleController_EnterLowPowerMode

i.CyBleController_ExitLowPowerMode
                0x00003404       0x10
 i.CyBleController_ExitLowPowerMode
                0x00003404       0x10 ..\..\..\..\..\..\..\Documents\PSoC Creator\4.1\Downloads ( 4.1).cylib\BLE_v3_40\Library\gccCyBLEStack_BLE_SOC_PERIPHERAL.a(CyBleControllerIP_Interface.o)
                0x00003404                CyBleController_ExitLowPowerMode

i.CyBleController_GetDeviceAddress
                0x00003414       0x22
 i.CyBleController_GetDeviceAddress
                0x00003414       0x22 ..\..\..\..\..\..\..\Documents\PSoC Creator\4.1\Downloads ( 4.1).cylib\BLE_v3_40\Library\gccCyBLEStack_BLE_SOC_PERIPHERAL.a(CyBleControllerIP_Interface.o)
                0x00003414                CyBleController_GetDeviceAddress

i.CyBleController_GetDleHeapMemory
                0x00003436       0x10
 i.CyBleController_GetDleHeapMemory
                0x00003436       0x10 ..\..\..\..\..\..\..\Documents\PSoC Creator\4.1\Downloads ( 4.1).cylib\BLE_v3_40\Library\gccCyBLEStack_BLE_SOC_PERIPHERAL.a(CyBleControllerIP_Interface.o)
                0x00003436                CyBleController_GetDleHeapMemory

i.CyBleController_GetPrivacyHeapMemory
                0x00003448       0x1c
 i.CyBleController_GetPrivacyHeapMemory
                0x00003448       0x1c ..\..\..\..\..\..\..\Documents\PSoC Creator\4.1\Downloads ( 4.1).cylib\BLE_v3_40\Library\gccCyBLEStack_BLE_SOC_PERIPHERAL.a(CyBleControllerIP_Interface.o)
                0x00003448                CyBleController_GetPrivacyHeapMemory

i.CyBleController_Init
                0x00003464       0x40
 i.CyBleController_Init
                0x00003464       0x40 ..\..\..\..\..\..\..\Documents\PSoC Creator\4.1\Downloads ( 4.1).cylib\BLE_v3_40\Library\gccCyBLEStack_BLE_SOC_PERIPHERAL.a(CyBleControllerIP_Interface.o)
                0x00003464                CyBleController_Init

i.CyBleController_LlReset
                0x000034a4       0x10
 i.CyBleController_LlReset
                0x000034a4       0x10 ..\..\..\..\..\..\..\Documents\PSoC Creator\4.1\Downloads ( 4.1).cylib\BLE_v3_40\Library\gccCyBLEStack_BLE_SOC_PERIPHERAL.a(CyBleControllerIP_Interface.o)
                0x000034a4                CyBleController_LlReset

i.CyBleController_SetDeviceAddress
                0x000034b4       0x2e
 i.CyBleController_SetDeviceAddress
                0x000034b4       0x2e ..\..\..\..\..\..\..\Documents\PSoC Creator\4.1\Downloads ( 4.1).cylib\BLE_v3_40\Library\gccCyBLEStack_BLE_SOC_PERIPHERAL.a(CyBleControllerIP_Interface.o)
                0x000034b4                CyBleController_SetDeviceAddress

i.CyBleController_SetDleParams
                0x000034e4       0x1c
 i.CyBleController_SetDleParams
                0x000034e4       0x1c ..\..\..\..\..\..\..\Documents\PSoC Creator\4.1\Downloads ( 4.1).cylib\BLE_v3_40\Library\gccCyBLEStack_BLE_SOC_PERIPHERAL.a(CyBleControllerIP_Interface.o)
                0x000034e4                CyBleController_SetDleParams

i.CyBleController_SetLePrivacyParams
                0x00003500       0x18
 i.CyBleController_SetLePrivacyParams
                0x00003500       0x18 ..\..\..\..\..\..\..\Documents\PSoC Creator\4.1\Downloads ( 4.1).cylib\BLE_v3_40\Library\gccCyBLEStack_BLE_SOC_PERIPHERAL.a(CyBleControllerIP_Interface.o)
                0x00003500                CyBleController_SetLePrivacyParams

i.CyBle_GetFirmwareProgrammedDSM
                0x00003518        0xc
 i.CyBle_GetFirmwareProgrammedDSM
                0x00003518        0xc ..\..\..\..\..\..\..\Documents\PSoC Creator\4.1\Downloads ( 4.1).cylib\BLE_v3_40\Library\gccCyBLEStack_BLE_SOC_PERIPHERAL.a(CyBleControllerIP_Interface.o)
                0x00003518                CyBle_GetFirmwareProgrammedDSM

i.CyBle_GetTxPowerLevel
                0x00003524       0x54
 i.CyBle_GetTxPowerLevel
                0x00003524       0x54 ..\..\..\..\..\..\..\Documents\PSoC Creator\4.1\Downloads ( 4.1).cylib\BLE_v3_40\Library\gccCyBLEStack_BLE_SOC_PERIPHERAL.a(CyBleControllerIP_Interface.o)
                0x00003524                CyBle_GetTxPowerLevel

i.CyBle_SendBlessEvtoAPP
                0x00003578        0xc
 i.CyBle_SendBlessEvtoAPP
                0x00003578        0xc ..\..\..\..\..\..\..\Documents\PSoC Creator\4.1\Downloads ( 4.1).cylib\BLE_v3_40\Library\gccCyBLEStack_BLE_SOC_PERIPHERAL.a(CyBleControllerIP_Interface.o)
                0x00003578                CyBle_SendBlessEvtoAPP

i.CyBle_SendEventToApp
                0x00003584       0x38
 i.CyBle_SendEventToApp
                0x00003584       0x38 ..\..\..\..\..\..\..\Documents\PSoC Creator\4.1\Downloads ( 4.1).cylib\BLE_v3_40\Library\gccCyBLEStack_BLE_SOC_PERIPHERAL.a(CyBleControllerIP_Interface.o)
                0x00003584                CyBle_SendEventToApp

i.CyBle_SetFirmwareProgrammedDSM
                0x000035bc        0xc
 i.CyBle_SetFirmwareProgrammedDSM
                0x000035bc        0xc ..\..\..\..\..\..\..\Documents\PSoC Creator\4.1\Downloads ( 4.1).cylib\BLE_v3_40\Library\gccCyBLEStack_BLE_SOC_PERIPHERAL.a(CyBleControllerIP_Interface.o)
                0x000035bc                CyBle_SetFirmwareProgrammedDSM

i.CyBle_SetTxPowerLevel
                0x000035c8       0x88
 i.CyBle_SetTxPowerLevel
                0x000035c8       0x88 ..\..\..\..\..\..\..\Documents\PSoC Creator\4.1\Downloads ( 4.1).cylib\BLE_v3_40\Library\gccCyBLEStack_BLE_SOC_PERIPHERAL.a(CyBleControllerIP_Interface.o)
                0x000035c8                CyBle_SetTxPowerLevel

i.ll_check_and_mark_packet_ready_for_transmission
                0x00003650       0x44
 i.ll_check_and_mark_packet_ready_for_transmission
                0x00003650       0x44 ..\..\..\..\..\..\..\Documents\PSoC Creator\4.1\Downloads ( 4.1).cylib\BLE_v3_40\Library\gccCyBLEStack_BLE_SOC_PERIPHERAL.a(ll.o)
                0x00003650                ll_check_and_mark_packet_ready_for_transmission

i.ll_cleanup_pending_data_pdu
                0x00003694       0x44
 i.ll_cleanup_pending_data_pdu
                0x00003694       0x44 ..\..\..\..\..\..\..\Documents\PSoC Creator\4.1\Downloads ( 4.1).cylib\BLE_v3_40\Library\gccCyBLEStack_BLE_SOC_PERIPHERAL.a(ll.o)
                0x00003694                ll_cleanup_pending_data_pdu

i.ll_enter_dsm_mode
                0x000036d8      0x15c
 i.ll_enter_dsm_mode
                0x000036d8      0x15c ..\..\..\..\..\..\..\Documents\PSoC Creator\4.1\Downloads ( 4.1).cylib\BLE_v3_40\Library\gccCyBLEStack_BLE_SOC_PERIPHERAL.a(ll.o)
                0x000036d8                ll_enter_dsm_mode

i.ll_enter_hibernate_mode
                0x00003834       0x28
 i.ll_enter_hibernate_mode
                0x00003834       0x28 ..\..\..\..\..\..\..\Documents\PSoC Creator\4.1\Downloads ( 4.1).cylib\BLE_v3_40\Library\gccCyBLEStack_BLE_SOC_PERIPHERAL.a(ll.o)
                0x00003834                ll_enter_hibernate_mode

i.ll_enter_sm_mode
                0x0000385c       0x60
 i.ll_enter_sm_mode
                0x0000385c       0x60 ..\..\..\..\..\..\..\Documents\PSoC Creator\4.1\Downloads ( 4.1).cylib\BLE_v3_40\Library\gccCyBLEStack_BLE_SOC_PERIPHERAL.a(ll.o)
                0x0000385c                ll_enter_sm_mode

i.ll_exit_low_power_mode
                0x000038bc       0x84
 i.ll_exit_low_power_mode
                0x000038bc       0x84 ..\..\..\..\..\..\..\Documents\PSoC Creator\4.1\Downloads ( 4.1).cylib\BLE_v3_40\Library\gccCyBLEStack_BLE_SOC_PERIPHERAL.a(ll.o)
                0x000038bc                ll_exit_low_power_mode

i.ll_get_ack_status
                0x00003940       0x44
 i.ll_get_ack_status
                0x00003940       0x44 ..\..\..\..\..\..\..\Documents\PSoC Creator\4.1\Downloads ( 4.1).cylib\BLE_v3_40\Library\gccCyBLEStack_BLE_SOC_PERIPHERAL.a(ll.o)
                0x00003940                ll_get_ack_status

i.ll_get_ack_status_for_all_connections
                0x00003984       0x34
 i.ll_get_ack_status_for_all_connections
                0x00003984       0x34 ..\..\..\..\..\..\..\Documents\PSoC Creator\4.1\Downloads ( 4.1).cylib\BLE_v3_40\Library\gccCyBLEStack_BLE_SOC_PERIPHERAL.a(ll.o)
                0x00003984                ll_get_ack_status_for_all_connections

i.ll_get_adv_ch_tx_power
                0x000039b8       0x20
 i.ll_get_adv_ch_tx_power
                0x000039b8       0x20 ..\..\..\..\..\..\..\Documents\PSoC Creator\4.1\Downloads ( 4.1).cylib\BLE_v3_40\Library\gccCyBLEStack_BLE_SOC_PERIPHERAL.a(ll.o)
                0x000039b8                ll_get_adv_ch_tx_power

i.ll_get_data_channel_map
                0x000039d8       0x28
 i.ll_get_data_channel_map
                0x000039d8       0x28 ..\..\..\..\..\..\..\Documents\PSoC Creator\4.1\Downloads ( 4.1).cylib\BLE_v3_40\Library\gccCyBLEStack_BLE_SOC_PERIPHERAL.a(ll.o)
                0x000039d8                ll_get_data_channel_map

i.ll_get_max_white_list_size
                0x00003a00        0xc
 i.ll_get_max_white_list_size
                0x00003a00        0xc ..\..\..\..\..\..\..\Documents\PSoC Creator\4.1\Downloads ( 4.1).cylib\BLE_v3_40\Library\gccCyBLEStack_BLE_SOC_PERIPHERAL.a(ll.o)
                0x00003a00                ll_get_max_white_list_size

i.ll_get_my_role
                0x00003a0c        0xc
 i.ll_get_my_role
                0x00003a0c        0xc ..\..\..\..\..\..\..\Documents\PSoC Creator\4.1\Downloads ( 4.1).cylib\BLE_v3_40\Library\gccCyBLEStack_BLE_SOC_PERIPHERAL.a(ll.o)
                0x00003a0c                ll_get_my_role

i.ll_get_next_available_fifo_for_data_pdu
                0x00003a18        0x8
 i.ll_get_next_available_fifo_for_data_pdu
                0x00003a18        0x8 ..\..\..\..\..\..\..\Documents\PSoC Creator\4.1\Downloads ( 4.1).cylib\BLE_v3_40\Library\gccCyBLEStack_BLE_SOC_PERIPHERAL.a(ll.o)
                0x00003a18                ll_get_next_available_fifo_for_data_pdu

i.ll_get_next_available_fifo_for_ll_pdu
                0x00003a20       0x2c
 i.ll_get_next_available_fifo_for_ll_pdu
                0x00003a20       0x2c ..\..\..\..\..\..\..\Documents\PSoC Creator\4.1\Downloads ( 4.1).cylib\BLE_v3_40\Library\gccCyBLEStack_BLE_SOC_PERIPHERAL.a(ll.o)
                0x00003a20                ll_get_next_available_fifo_for_ll_pdu

i.ll_get_rssi_value
                0x00003a4c       0x26
 i.ll_get_rssi_value
                0x00003a4c       0x26 ..\..\..\..\..\..\..\Documents\PSoC Creator\4.1\Downloads ( 4.1).cylib\BLE_v3_40\Library\gccCyBLEStack_BLE_SOC_PERIPHERAL.a(ll.o)
                0x00003a4c                ll_get_rssi_value

i.ll_get_transmit_power_level
                0x00003a74       0x2c
 i.ll_get_transmit_power_level
                0x00003a74       0x2c ..\..\..\..\..\..\..\Documents\PSoC Creator\4.1\Downloads ( 4.1).cylib\BLE_v3_40\Library\gccCyBLEStack_BLE_SOC_PERIPHERAL.a(ll.o)
                0x00003a74                ll_get_transmit_power_level

i.ll_handle_ack_received
                0x00003aa0       0x74
 i.ll_handle_ack_received
                0x00003aa0       0x74 ..\..\..\..\..\..\..\Documents\PSoC Creator\4.1\Downloads ( 4.1).cylib\BLE_v3_40\Library\gccCyBLEStack_BLE_SOC_PERIPHERAL.a(ll.o)
                0x00003aa0                ll_handle_ack_received

i.ll_handle_add_device_in_whitelist
                0x00003b14       0x50
 i.ll_handle_add_device_in_whitelist
                0x00003b14       0x50 ..\..\..\..\..\..\..\Documents\PSoC Creator\4.1\Downloads ( 4.1).cylib\BLE_v3_40\Library\gccCyBLEStack_BLE_SOC_PERIPHERAL.a(ll.o)
                0x00003b14                ll_handle_add_device_in_whitelist

i.ll_handle_clear_whitelist
                0x00003b64       0x24
 i.ll_handle_clear_whitelist
                0x00003b64       0x24 ..\..\..\..\..\..\..\Documents\PSoC Creator\4.1\Downloads ( 4.1).cylib\BLE_v3_40\Library\gccCyBLEStack_BLE_SOC_PERIPHERAL.a(ll.o)
                0x00003b64                ll_handle_clear_whitelist

i.ll_handle_encrypt_host_data
                0x00003b88       0x36
 i.ll_handle_encrypt_host_data
                0x00003b88       0x36 ..\..\..\..\..\..\..\Documents\PSoC Creator\4.1\Downloads ( 4.1).cylib\BLE_v3_40\Library\gccCyBLEStack_BLE_SOC_PERIPHERAL.a(ll.o)
                0x00003b88                ll_handle_encrypt_host_data

i.ll_handle_host_data_packet
                0x00003bc0       0x9c
 i.ll_handle_host_data_packet
                0x00003bc0       0x9c ..\..\..\..\..\..\..\Documents\PSoC Creator\4.1\Downloads ( 4.1).cylib\BLE_v3_40\Library\gccCyBLEStack_BLE_SOC_PERIPHERAL.a(ll.o)
                0x00003bc0                ll_handle_host_data_packet

i.ll_handle_read_host_channel_map
                0x00003c5c        0x4
 i.ll_handle_read_host_channel_map
                0x00003c5c        0x4 ..\..\..\..\..\..\..\Documents\PSoC Creator\4.1\Downloads ( 4.1).cylib\BLE_v3_40\Library\gccCyBLEStack_BLE_SOC_PERIPHERAL.a(ll.o)
                0x00003c5c                ll_handle_read_host_channel_map

i.ll_handle_remove_device_in_whitelist
                0x00003c60       0x38
 i.ll_handle_remove_device_in_whitelist
                0x00003c60       0x38 ..\..\..\..\..\..\..\Documents\PSoC Creator\4.1\Downloads ( 4.1).cylib\BLE_v3_40\Library\gccCyBLEStack_BLE_SOC_PERIPHERAL.a(ll.o)
                0x00003c60                ll_handle_remove_device_in_whitelist

i.ll_handle_reset
                0x00003c98        0xe
 i.ll_handle_reset
                0x00003c98        0xe ..\..\..\..\..\..\..\Documents\PSoC Creator\4.1\Downloads ( 4.1).cylib\BLE_v3_40\Library\gccCyBLEStack_BLE_SOC_PERIPHERAL.a(ll.o)
                0x00003c98                ll_handle_reset

i.ll_handle_set_random_address
                0x00003ca6       0x36
 i.ll_handle_set_random_address
                0x00003ca6       0x36 ..\..\..\..\..\..\..\Documents\PSoC Creator\4.1\Downloads ( 4.1).cylib\BLE_v3_40\Library\gccCyBLEStack_BLE_SOC_PERIPHERAL.a(ll.o)
                0x00003ca6                ll_handle_set_random_address

i.ll_init       0x00003cdc       0x20
 i.ll_init      0x00003cdc       0x20 ..\..\..\..\..\..\..\Documents\PSoC Creator\4.1\Downloads ( 4.1).cylib\BLE_v3_40\Library\gccCyBLEStack_BLE_SOC_PERIPHERAL.a(ll.o)
                0x00003cdc                ll_init

i.ll_initialize_device_attributes
                0x00003cfc       0xc0
 i.ll_initialize_device_attributes
                0x00003cfc       0xc0 ..\..\..\..\..\..\..\Documents\PSoC Creator\4.1\Downloads ( 4.1).cylib\BLE_v3_40\Library\gccCyBLEStack_BLE_SOC_PERIPHERAL.a(ll.o)
                0x00003cfc                ll_initialize_device_attributes

i.ll_is_pkt_pending
                0x00003dbc       0x2a
 i.ll_is_pkt_pending
                0x00003dbc       0x2a ..\..\..\..\..\..\..\Documents\PSoC Creator\4.1\Downloads ( 4.1).cylib\BLE_v3_40\Library\gccCyBLEStack_BLE_SOC_PERIPHERAL.a(ll.o)
                0x00003dbc                ll_is_pkt_pending

i.ll_is_sent_pkt_pending
                0x00003de6       0x1a
 i.ll_is_sent_pkt_pending
                0x00003de6       0x1a ..\..\..\..\..\..\..\Documents\PSoC Creator\4.1\Downloads ( 4.1).cylib\BLE_v3_40\Library\gccCyBLEStack_BLE_SOC_PERIPHERAL.a(ll.o)
                0x00003de6                ll_is_sent_pkt_pending

i.ll_isr_exit_low_power_mode
                0x00003e00       0x16
 i.ll_isr_exit_low_power_mode
                0x00003e00       0x16 ..\..\..\..\..\..\..\Documents\PSoC Creator\4.1\Downloads ( 4.1).cylib\BLE_v3_40\Library\gccCyBLEStack_BLE_SOC_PERIPHERAL.a(ll.o)
                0x00003e00                ll_isr_exit_low_power_mode

i.ll_load_host_data_packet
                0x00003e16       0x3c
 i.ll_load_host_data_packet
                0x00003e16       0x3c ..\..\..\..\..\..\..\Documents\PSoC Creator\4.1\Downloads ( 4.1).cylib\BLE_v3_40\Library\gccCyBLEStack_BLE_SOC_PERIPHERAL.a(ll.o)
                0x00003e16                ll_load_host_data_packet

i.ll_load_packet_to_fifo
                0x00003e54       0xc0
 i.ll_load_packet_to_fifo
                0x00003e54       0xc0 ..\..\..\..\..\..\..\Documents\PSoC Creator\4.1\Downloads ( 4.1).cylib\BLE_v3_40\Library\gccCyBLEStack_BLE_SOC_PERIPHERAL.a(ll.o)
                0x00003e54                ll_load_packet_to_fifo

i.ll_process_acks
                0x00003f14       0x60
 i.ll_process_acks
                0x00003f14       0x60 ..\..\..\..\..\..\..\Documents\PSoC Creator\4.1\Downloads ( 4.1).cylib\BLE_v3_40\Library\gccCyBLEStack_BLE_SOC_PERIPHERAL.a(ll.o)
                0x00003f14                ll_process_acks

i.ll_reset      0x00003f74       0x14
 i.ll_reset     0x00003f74       0x14 ..\..\..\..\..\..\..\Documents\PSoC Creator\4.1\Downloads ( 4.1).cylib\BLE_v3_40\Library\gccCyBLEStack_BLE_SOC_PERIPHERAL.a(ll.o)
                0x00003f74                ll_reset

i.ll_update_active_features
                0x00003f88       0x58
 i.ll_update_active_features
                0x00003f88       0x58 ..\..\..\..\..\..\..\Documents\PSoC Creator\4.1\Downloads ( 4.1).cylib\BLE_v3_40\Library\gccCyBLEStack_BLE_SOC_PERIPHERAL.a(ll.o)
                0x00003f88                ll_update_active_features

i.ll_update_device_fsm
                0x00003fe0        0x8
 i.ll_update_device_fsm
                0x00003fe0        0x8 ..\..\..\..\..\..\..\Documents\PSoC Creator\4.1\Downloads ( 4.1).cylib\BLE_v3_40\Library\gccCyBLEStack_BLE_SOC_PERIPHERAL.a(ll.o)
                0x00003fe0                ll_update_device_fsm

i.ll_validate_add_device_to_whitelist_params
                0x00003fe8       0x14
 i.ll_validate_add_device_to_whitelist_params
                0x00003fe8       0x14 ..\..\..\..\..\..\..\Documents\PSoC Creator\4.1\Downloads ( 4.1).cylib\BLE_v3_40\Library\gccCyBLEStack_BLE_SOC_PERIPHERAL.a(ll.o)
                0x00003fe8                ll_validate_add_device_to_whitelist_params

i.ll_validate_bd_addr
                0x00003ffc       0x1a
 i.ll_validate_bd_addr
                0x00003ffc       0x1a ..\..\..\..\..\..\..\Documents\PSoC Creator\4.1\Downloads ( 4.1).cylib\BLE_v3_40\Library\gccCyBLEStack_BLE_SOC_PERIPHERAL.a(ll.o)
                0x00003ffc                ll_validate_bd_addr

i.ll_wait_to_enter_dsm
                0x00004018       0x40
 i.ll_wait_to_enter_dsm
                0x00004018       0x40 ..\..\..\..\..\..\..\Documents\PSoC Creator\4.1\Downloads ( 4.1).cylib\BLE_v3_40\Library\gccCyBLEStack_BLE_SOC_PERIPHERAL.a(ll.o)

i.ll_wait_to_exit_dsm
                0x00004058       0x2c
 i.ll_wait_to_exit_dsm
                0x00004058       0x2c ..\..\..\..\..\..\..\Documents\PSoC Creator\4.1\Downloads ( 4.1).cylib\BLE_v3_40\Library\gccCyBLEStack_BLE_SOC_PERIPHERAL.a(ll.o)

i.pf_le_start_timer
                0x00004084       0x16
 i.pf_le_start_timer
                0x00004084       0x16 ..\..\..\..\..\..\..\Documents\PSoC Creator\4.1\Downloads ( 4.1).cylib\BLE_v3_40\Library\gccCyBLEStack_BLE_SOC_PERIPHERAL.a(ll.o)
                0x00004084                pf_le_start_timer

i.pf_le_stop_timer
                0x0000409a       0x12
 i.pf_le_stop_timer
                0x0000409a       0x12 ..\..\..\..\..\..\..\Documents\PSoC Creator\4.1\Downloads ( 4.1).cylib\BLE_v3_40\Library\gccCyBLEStack_BLE_SOC_PERIPHERAL.a(ll.o)
                0x0000409a                pf_le_stop_timer

i.CyBleControllerIP_TuneAdvEventInterPktSlots
                0x000040ac       0x3c
 i.CyBleControllerIP_TuneAdvEventInterPktSlots
                0x000040ac       0x3c ..\..\..\..\..\..\..\Documents\PSoC Creator\4.1\Downloads ( 4.1).cylib\BLE_v3_40\Library\gccCyBLEStack_BLE_SOC_PERIPHERAL.a(ll_advertiser.o)
                0x000040ac                CyBleControllerIP_TuneAdvEventInterPktSlots

i.ll_adv_is_configured_connection_adv
                0x000040e8       0x1e
 i.ll_adv_is_configured_connection_adv
                0x000040e8       0x1e ..\..\..\..\..\..\..\Documents\PSoC Creator\4.1\Downloads ( 4.1).cylib\BLE_v3_40\Library\gccCyBLEStack_BLE_SOC_PERIPHERAL.a(ll_advertiser.o)
                0x000040e8                ll_adv_is_configured_connection_adv

i.ll_check_random_address_in_use_by_advertiser
                0x00004106       0x10
 i.ll_check_random_address_in_use_by_advertiser
                0x00004106       0x10 ..\..\..\..\..\..\..\Documents\PSoC Creator\4.1\Downloads ( 4.1).cylib\BLE_v3_40\Library\gccCyBLEStack_BLE_SOC_PERIPHERAL.a(ll_advertiser.o)
                0x00004106                ll_check_random_address_in_use_by_advertiser

i.ll_check_whitelist_in_use_by_advertiser
                0x00004116       0x10
 i.ll_check_whitelist_in_use_by_advertiser
                0x00004116       0x10 ..\..\..\..\..\..\..\Documents\PSoC Creator\4.1\Downloads ( 4.1).cylib\BLE_v3_40\Library\gccCyBLEStack_BLE_SOC_PERIPHERAL.a(ll_advertiser.o)
                0x00004116                ll_check_whitelist_in_use_by_advertiser

i.ll_get_adv_data
                0x00004128        0xc
 i.ll_get_adv_data
                0x00004128        0xc ..\..\..\..\..\..\..\Documents\PSoC Creator\4.1\Downloads ( 4.1).cylib\BLE_v3_40\Library\gccCyBLEStack_BLE_SOC_PERIPHERAL.a(ll_advertiser.o)
                0x00004128                ll_get_adv_data

i.ll_get_adv_status
                0x00004134        0xc
 i.ll_get_adv_status
                0x00004134        0xc ..\..\..\..\..\..\..\Documents\PSoC Creator\4.1\Downloads ( 4.1).cylib\BLE_v3_40\Library\gccCyBLEStack_BLE_SOC_PERIPHERAL.a(ll_advertiser.o)
                0x00004134                ll_get_adv_status

i.ll_get_adv_type
                0x00004140       0x18
 i.ll_get_adv_type
                0x00004140       0x18 ..\..\..\..\..\..\..\Documents\PSoC Creator\4.1\Downloads ( 4.1).cylib\BLE_v3_40\Library\gccCyBLEStack_BLE_SOC_PERIPHERAL.a(ll_advertiser.o)
                0x00004140                ll_get_adv_type

i.ll_get_scan_rsp_data
                0x00004158        0xc
 i.ll_get_scan_rsp_data
                0x00004158        0xc ..\..\..\..\..\..\..\Documents\PSoC Creator\4.1\Downloads ( 4.1).cylib\BLE_v3_40\Library\gccCyBLEStack_BLE_SOC_PERIPHERAL.a(ll_advertiser.o)
                0x00004158                ll_get_scan_rsp_data

i.ll_handle_adv_intr
                0x00004164       0x54
 i.ll_handle_adv_intr
                0x00004164       0x54 ..\..\..\..\..\..\..\Documents\PSoC Creator\4.1\Downloads ( 4.1).cylib\BLE_v3_40\Library\gccCyBLEStack_BLE_SOC_PERIPHERAL.a(ll_advertiser.o)
                0x00004164                ll_handle_adv_intr

i.ll_handle_set_adv_data
                0x000041b8       0x38
 i.ll_handle_set_adv_data
                0x000041b8       0x38 ..\..\..\..\..\..\..\Documents\PSoC Creator\4.1\Downloads ( 4.1).cylib\BLE_v3_40\Library\gccCyBLEStack_BLE_SOC_PERIPHERAL.a(ll_advertiser.o)
                0x000041b8                ll_handle_set_adv_data

i.ll_handle_set_adv_parameters
                0x000041f0       0xa4
 i.ll_handle_set_adv_parameters
                0x000041f0       0xa4 ..\..\..\..\..\..\..\Documents\PSoC Creator\4.1\Downloads ( 4.1).cylib\BLE_v3_40\Library\gccCyBLEStack_BLE_SOC_PERIPHERAL.a(ll_advertiser.o)
                0x000041f0                ll_handle_set_adv_parameters

i.ll_handle_set_advertise_enable
                0x00004294       0x6a
 i.ll_handle_set_advertise_enable
                0x00004294       0x6a ..\..\..\..\..\..\..\Documents\PSoC Creator\4.1\Downloads ( 4.1).cylib\BLE_v3_40\Library\gccCyBLEStack_BLE_SOC_PERIPHERAL.a(ll_advertiser.o)
                0x00004294                ll_handle_set_advertise_enable

i.ll_handle_set_scan_resp_data
                0x00004300       0x38
 i.ll_handle_set_scan_resp_data
                0x00004300       0x38 ..\..\..\..\..\..\..\Documents\PSoC Creator\4.1\Downloads ( 4.1).cylib\BLE_v3_40\Library\gccCyBLEStack_BLE_SOC_PERIPHERAL.a(ll_advertiser.o)
                0x00004300                ll_handle_set_scan_resp_data

i.ll_init_advertiser
                0x00004338       0x70
 i.ll_init_advertiser
                0x00004338       0x70 ..\..\..\..\..\..\..\Documents\PSoC Creator\4.1\Downloads ( 4.1).cylib\BLE_v3_40\Library\gccCyBLEStack_BLE_SOC_PERIPHERAL.a(ll_advertiser.o)
                0x00004338                ll_init_advertiser

i.ll_update_adv_data
                0x000043a8       0x34
 i.ll_update_adv_data
                0x000043a8       0x34 ..\..\..\..\..\..\..\Documents\PSoC Creator\4.1\Downloads ( 4.1).cylib\BLE_v3_40\Library\gccCyBLEStack_BLE_SOC_PERIPHERAL.a(ll_advertiser.o)
                0x000043a8                ll_update_adv_data

i.ll_update_scan_rsp_data
                0x000043dc       0x34
 i.ll_update_scan_rsp_data
                0x000043dc       0x34 ..\..\..\..\..\..\..\Documents\PSoC Creator\4.1\Downloads ( 4.1).cylib\BLE_v3_40\Library\gccCyBLEStack_BLE_SOC_PERIPHERAL.a(ll_advertiser.o)
                0x000043dc                ll_update_scan_rsp_data

i.is_le_connection_handle
                0x00004410       0x28
 i.is_le_connection_handle
                0x00004410       0x28 ..\..\..\..\..\..\..\Documents\PSoC Creator\4.1\Downloads ( 4.1).cylib\BLE_v3_40\Library\gccCyBLEStack_BLE_SOC_PERIPHERAL.a(ll_connection.o)
                0x00004410                is_le_connection_handle

i.le_assign_connection_handle
                0x00004438       0x28
 i.le_assign_connection_handle
                0x00004438       0x28 ..\..\..\..\..\..\..\Documents\PSoC Creator\4.1\Downloads ( 4.1).cylib\BLE_v3_40\Library\gccCyBLEStack_BLE_SOC_PERIPHERAL.a(ll_connection.o)
                0x00004438                le_assign_connection_handle

i.le_get_connection_index
                0x00004460        0x6
 i.le_get_connection_index
                0x00004460        0x6 ..\..\..\..\..\..\..\Documents\PSoC Creator\4.1\Downloads ( 4.1).cylib\BLE_v3_40\Library\gccCyBLEStack_BLE_SOC_PERIPHERAL.a(ll_connection.o)
                0x00004460                le_get_connection_index

i.ll_allocate_connection
                0x00004468       0x44
 i.ll_allocate_connection
                0x00004468       0x44 ..\..\..\..\..\..\..\Documents\PSoC Creator\4.1\Downloads ( 4.1).cylib\BLE_v3_40\Library\gccCyBLEStack_BLE_SOC_PERIPHERAL.a(ll_connection.o)
                0x00004468                ll_allocate_connection

i.ll_calculate_and_program_def_win_widen_drift
                0x000044ac       0x14
 i.ll_calculate_and_program_def_win_widen_drift
                0x000044ac       0x14 ..\..\..\..\..\..\..\Documents\PSoC Creator\4.1\Downloads ( 4.1).cylib\BLE_v3_40\Library\gccCyBLEStack_BLE_SOC_PERIPHERAL.a(ll_connection.o)
                0x000044ac                ll_calculate_and_program_def_win_widen_drift

i.ll_calculate_drift
                0x000044c0       0x2c
 i.ll_calculate_drift
                0x000044c0       0x2c ..\..\..\..\..\..\..\Documents\PSoC Creator\4.1\Downloads ( 4.1).cylib\BLE_v3_40\Library\gccCyBLEStack_BLE_SOC_PERIPHERAL.a(ll_connection.o)
                0x000044c0                ll_calculate_drift

i.ll_check_and_decrypt_ll_pdu
                0x000044ec       0x70
 i.ll_check_and_decrypt_ll_pdu
                0x000044ec       0x70 ..\..\..\..\..\..\..\Documents\PSoC Creator\4.1\Downloads ( 4.1).cylib\BLE_v3_40\Library\gccCyBLEStack_BLE_SOC_PERIPHERAL.a(ll_connection.o)
                0x000044ec                ll_check_and_decrypt_ll_pdu

i.ll_check_and_decrypt_packet
                0x0000455c       0x6a
 i.ll_check_and_decrypt_packet
                0x0000455c       0x6a ..\..\..\..\..\..\..\Documents\PSoC Creator\4.1\Downloads ( 4.1).cylib\BLE_v3_40\Library\gccCyBLEStack_BLE_SOC_PERIPHERAL.a(ll_connection.o)
                0x0000455c                ll_check_and_decrypt_packet

i.ll_check_and_encrypt_ll_pdu
                0x000045c6       0x7c
 i.ll_check_and_encrypt_ll_pdu
                0x000045c6       0x7c ..\..\..\..\..\..\..\Documents\PSoC Creator\4.1\Downloads ( 4.1).cylib\BLE_v3_40\Library\gccCyBLEStack_BLE_SOC_PERIPHERAL.a(ll_connection.o)
                0x000045c6                ll_check_and_encrypt_ll_pdu

i.ll_check_and_encrypt_packet
                0x00004642       0x82
 i.ll_check_and_encrypt_packet
                0x00004642       0x82 ..\..\..\..\..\..\..\Documents\PSoC Creator\4.1\Downloads ( 4.1).cylib\BLE_v3_40\Library\gccCyBLEStack_BLE_SOC_PERIPHERAL.a(ll_connection.o)
                0x00004642                ll_check_and_encrypt_packet

i.ll_check_for_allowing_incoming_connection_update
                0x000046c4       0x42
 i.ll_check_for_allowing_incoming_connection_update
                0x000046c4       0x42 ..\..\..\..\..\..\..\Documents\PSoC Creator\4.1\Downloads ( 4.1).cylib\BLE_v3_40\Library\gccCyBLEStack_BLE_SOC_PERIPHERAL.a(ll_connection.o)
                0x000046c4                ll_check_for_allowing_incoming_connection_update

i.ll_check_if_pdu_is_loaded_to_hardware
                0x00004708       0x1c
 i.ll_check_if_pdu_is_loaded_to_hardware
                0x00004708       0x1c ..\..\..\..\..\..\..\Documents\PSoC Creator\4.1\Downloads ( 4.1).cylib\BLE_v3_40\Library\gccCyBLEStack_BLE_SOC_PERIPHERAL.a(ll_connection.o)
                0x00004708                ll_check_if_pdu_is_loaded_to_hardware

i.ll_check_random_address_in_use_by_initiator
                0x00004724       0x30
 i.ll_check_random_address_in_use_by_initiator
                0x00004724       0x30 ..\..\..\..\..\..\..\Documents\PSoC Creator\4.1\Downloads ( 4.1).cylib\BLE_v3_40\Library\gccCyBLEStack_BLE_SOC_PERIPHERAL.a(ll_connection.o)
                0x00004724                ll_check_random_address_in_use_by_initiator

i.ll_check_white_list_in_use_by_initiator
                0x00004754       0x30
 i.ll_check_white_list_in_use_by_initiator
                0x00004754       0x30 ..\..\..\..\..\..\..\Documents\PSoC Creator\4.1\Downloads ( 4.1).cylib\BLE_v3_40\Library\gccCyBLEStack_BLE_SOC_PERIPHERAL.a(ll_connection.o)
                0x00004754                ll_check_white_list_in_use_by_initiator

i.ll_conn_free_enc_txn_buffer
                0x00004784       0x16
 i.ll_conn_free_enc_txn_buffer
                0x00004784       0x16 ..\..\..\..\..\..\..\Documents\PSoC Creator\4.1\Downloads ( 4.1).cylib\BLE_v3_40\Library\gccCyBLEStack_BLE_SOC_PERIPHERAL.a(ll_connection.o)